Archive member included to satisfy reference by file (symbol)

/home/arduino/ArduinoApps/sensor-monitor/.cache/sketch/core/core.a(Print.cpp.o)
                              /home/arduino/ArduinoApps/sensor-monitor/.cache/sketch/sketch/sketch.ino.cpp.o (arduino::Print::print(char const*))
/home/arduino/ArduinoApps/sensor-monitor/.cache/sketch/core/core.a(Stream.cpp.o)
                              /home/arduino/ArduinoApps/sensor-monitor/.cache/sketch/sketch/sketch.ino.cpp.o (arduino::Stream::setTimeout(unsigned long))
/home/arduino/ArduinoApps/sensor-monitor/.cache/sketch/core/core.a(String.cpp.o)
                              /home/arduino/ArduinoApps/sensor-monitor/.cache/sketch/sketch/sketch.ino.cpp.o (arduino::String::String(arduino::String&&))
/home/arduino/ArduinoApps/sensor-monitor/.cache/sketch/core/core.a(itoa.cpp.o)
                              /home/arduino/ArduinoApps/sensor-monitor/.cache/sketch/core/core.a(String.cpp.o) (dtostrf)
/home/arduino/ArduinoApps/sensor-monitor/.cache/sketch/core/core.a(llext_wrappers.c.o)
                              /home/arduino/ArduinoApps/sensor-monitor/.cache/sketch/sketch/sketch.ino.cpp.o (memcpy)
/home/arduino/ArduinoApps/sensor-monitor/.cache/sketch/core/core.a(main.cpp.o)
                              (main)
/home/arduino/ArduinoApps/sensor-monitor/.cache/sketch/core/core.a(new.cpp.o)
                              /home/arduino/ArduinoApps/sensor-monitor/.cache/sketch/sketch/sketch.ino.cpp.o (operator new(unsigned int))
/home/arduino/ArduinoApps/sensor-monitor/.cache/sketch/core/core.a(threads.cpp.o)
                              /home/arduino/ArduinoApps/sensor-monitor/.cache/sketch/core/core.a(main.cpp.o) (start_static_threads())
/home/arduino/ArduinoApps/sensor-monitor/.cache/sketch/core/core.a(zephyrCommon.cpp.o)
                              /home/arduino/ArduinoApps/sensor-monitor/.cache/sketch/libraries/Arduino_LPS22HB/BARO.cpp.o (yield)
/home/arduino/ArduinoApps/sensor-monitor/.cache/sketch/core/core.a(zephyrSerial.cpp.o)
                              /home/arduino/ArduinoApps/sensor-monitor/.cache/sketch/libraries/Arduino_RouterBridge/singletons.cpp.o (Serial2)
/home/arduino/ArduinoApps/sensor-monitor/.cache/sketch/core/core.a(Common.cpp.o)
                              /home/arduino/ArduinoApps/sensor-monitor/.cache/sketch/core/core.a(zephyrCommon.cpp.o) (map(long, long, long, long, long))
/home/arduino/.arduino15/packages/zephyr/tools/arm-zephyr-eabi/0.16.8/bin/../lib/gcc/arm-zephyr-eabi/12.2.0/../../../../arm-zephyr-eabi/lib/thumb/v8-m.main+fp/hard/libstdc++_nano.a(functexcept.o)
                              /home/arduino/ArduinoApps/sensor-monitor/.cache/sketch/sketch/sketch.ino.cpp.o (std::__throw_bad_alloc())
/home/arduino/.arduino15/packages/zephyr/tools/arm-zephyr-eabi/0.16.8/bin/../lib/gcc/arm-zephyr-eabi/12.2.0/../../../../arm-zephyr-eabi/lib/thumb/v8-m.main+fp/hard/libm_nano.a(lib_a-s_round.o)
                              /home/arduino/ArduinoApps/sensor-monitor/.cache/sketch/libraries/STM32duino VL53L4ED/vl53l4ed_api.cpp.o (round)

Discarded input sections

 .group         0x0000000000000000        0x8 /home/arduino/ArduinoApps/sensor-monitor/.cache/sketch/sketch/sketch.ino.cpp.o
 .group         0x0000000000000000        0x8 /home/arduino/ArduinoApps/sensor-monitor/.cache/sketch/sketch/sketch.ino.cpp.o
 .group         0x0000000000000000       0x10 /home/arduino/ArduinoApps/sensor-monitor/.cache/sketch/sketch/sketch.ino.cpp.o
 .group         0x0000000000000000       0x10 /home/arduino/ArduinoApps/sensor-monitor/.cache/sketch/sketch/sketch.ino.cpp.o
 .group         0x0000000000000000        0x8 /home/arduino/ArduinoApps/sensor-monitor/.cache/sketch/sketch/sketch.ino.cpp.o
 .group         0x0000000000000000       0x10 /home/arduino/ArduinoApps/sensor-monitor/.cache/sketch/sketch/sketch.ino.cpp.o
 .group         0x0000000000000000       0x10 /home/arduino/ArduinoApps/sensor-monitor/.cache/sketch/sketch/sketch.ino.cpp.o
 .group         0x0000000000000000       0x10 /home/arduino/ArduinoApps/sensor-monitor/.cache/sketch/sketch/sketch.ino.cpp.o
 .group         0x0000000000000000       0x10 /home/arduino/ArduinoApps/sensor-monitor/.cache/sketch/sketch/sketch.ino.cpp.o
 .group         0x0000000000000000       0x10 /home/arduino/ArduinoApps/sensor-monitor/.cache/sketch/sketch/sketch.ino.cpp.o
 .group         0x0000000000000000       0x2c /home/arduino/ArduinoApps/sensor-monitor/.cache/sketch/sketch/sketch.ino.cpp.o
 .group         0x0000000000000000        0xc /home/arduino/ArduinoApps/sensor-monitor/.cache/sketch/sketch/sketch.ino.cpp.o
 .group         0x0000000000000000        0xc /home/arduino/ArduinoApps/sensor-monitor/.cache/sketch/sketch/sketch.ino.cpp.o
 .group         0x0000000000000000        0xc /home/arduino/ArduinoApps/sensor-monitor/.cache/sketch/sketch/sketch.ino.cpp.o
 .group         0x0000000000000000        0xc /home/arduino/ArduinoApps/sensor-monitor/.cache/sketch/sketch/sketch.ino.cpp.o
[...]
Memory Configuration

Name             Origin             Length             Attributes
*default*        0x0000000000000000 0xffffffffffffffff

Linker script and memory map

LOAD /home/arduino/.arduino15/packages/zephyr/tools/arm-zephyr-eabi/0.16.8/bin/../lib/gcc/arm-zephyr-eabi/12.2.0/../../../../arm-zephyr-eabi/lib/thumb/v8-m.main+fp/hard/libstdc++_nano.a
LOAD /home/arduino/.arduino15/packages/zephyr/tools/arm-zephyr-eabi/0.16.8/bin/../lib/gcc/arm-zephyr-eabi/12.2.0/../../../../arm-zephyr-eabi/lib/thumb/v8-m.main+fp/hard/libsupc++_nano.a
LOAD /home/arduino/.arduino15/packages/zephyr/tools/arm-zephyr-eabi/0.16.8/bin/../lib/gcc/arm-zephyr-eabi/12.2.0/../../../../arm-zephyr-eabi/lib/thumb/v8-m.main+fp/hard/libnosys.a
LOAD /home/arduino/ArduinoApps/sensor-monitor/.cache/sketch/sketch/sketch.ino.cpp.o
LOAD /home/arduino/ArduinoApps/sensor-monitor/.cache/sketch/libraries/Wire/Wire.cpp.o
LOAD /home/arduino/ArduinoApps/sensor-monitor/.cache/sketch/libraries/SPI/SPI.cpp.o
LOAD /home/arduino/ArduinoApps/sensor-monitor/.cache/sketch/libraries/Arduino_RouterBridge/singletons.cpp.o
LOAD /home/arduino/ArduinoApps/sensor-monitor/.cache/sketch/libraries/Arduino_Modulino/Modulino.cpp.o
LOAD /home/arduino/ArduinoApps/sensor-monitor/.cache/sketch/libraries/STM32duino VL53L4CD/platform.cpp.o
LOAD /home/arduino/ArduinoApps/sensor-monitor/.cache/sketch/libraries/STM32duino VL53L4CD/vl53l4cd_api.cpp.o
LOAD /home/arduino/ArduinoApps/sensor-monitor/.cache/sketch/libraries/STM32duino VL53L4CD/vl53l4cd_calibration.cpp.o
LOAD /home/arduino/ArduinoApps/sensor-monitor/.cache/sketch/libraries/STM32duino VL53L4ED/platform.cpp.o
LOAD /home/arduino/ArduinoApps/sensor-monitor/.cache/sketch/libraries/STM32duino VL53L4ED/vl53l4ed_api.cpp.o
LOAD /home/arduino/ArduinoApps/sensor-monitor/.cache/sketch/libraries/STM32duino VL53L4ED/vl53l4ed_calibration.cpp.o
LOAD /home/arduino/ArduinoApps/sensor-monitor/.cache/sketch/libraries/Arduino_LSM6DSOX/LSM6DSOX.cpp.o
LOAD /home/arduino/ArduinoApps/sensor-monitor/.cache/sketch/libraries/Arduino_LPS22HB/BARO.cpp.o
LOAD /home/arduino/ArduinoApps/sensor-monitor/.cache/sketch/libraries/Arduino_HS300x/HS300x.cpp.o
LOAD /home/arduino/ArduinoApps/sensor-monitor/.cache/sketch/libraries/Arduino_LTR381RGB/LTR381RGB.cpp.o
LOAD /home/arduino/ArduinoApps/sensor-monitor/.cache/sketch/core/analogReference.cpp.o
START GROUP
LOAD /home/arduino/ArduinoApps/sensor-monitor/.cache/sketch/core/core.a
LOAD /home/arduino/.arduino15/packages/zephyr/tools/arm-zephyr-eabi/0.16.8/bin/../lib/gcc/arm-zephyr-eabi/12.2.0/../../../../arm-zephyr-eabi/lib/thumb/v8-m.main+fp/hard/libstdc++_nano.a
LOAD /home/arduino/.arduino15/packages/zephyr/tools/arm-zephyr-eabi/0.16.8/bin/../lib/gcc/arm-zephyr-eabi/12.2.0/../../../../arm-zephyr-eabi/lib/thumb/v8-m.main+fp/hard/libsupc++_nano.a
LOAD /home/arduino/.arduino15/packages/zephyr/tools/arm-zephyr-eabi/0.16.8/bin/../lib/gcc/arm-zephyr-eabi/12.2.0/../../../../arm-zephyr-eabi/lib/thumb/v8-m.main+fp/hard/libm_nano.a
END GROUP

.rodata         0x0000000000000000      0x3dc
 *(.rodata._ZL12arduino_pins)
 .rodata._ZL12arduino_pins
                0x0000000000000000      0x230 /home/arduino/ArduinoApps/sensor-monitor/.cache/sketch/core/core.a(zephyrCommon.cpp.o)
 *(.rodata._ZTV13BridgeMonitorILj512EE)
 .rodata._ZTV13BridgeMonitorILj512EE
                0x0000000000000230       0x24 /home/arduino/ArduinoApps/sensor-monitor/.cache/sketch/libraries/Arduino_RouterBridge/singletons.cpp.o
                0x0000000000000230                vtable for BridgeMonitor<512u>
 *(.rodata._ZTV13ModulinoLight)
 .rodata._ZTV13ModulinoLight
                0x0000000000000254       0x18 /home/arduino/ArduinoApps/sensor-monitor/.cache/sketch/sketch/sketch.ino.cpp.o
                0x0000000000000254                vtable for ModulinoLight
 *(.rodata._ZTV14ModulinoThermo)
 .rodata._ZTV14ModulinoThermo
                0x000000000000026c       0x18 /home/arduino/ArduinoApps/sensor-monitor/.cache/sketch/sketch/sketch.ino.cpp.o
                0x000000000000026c                vtable for ModulinoThermo
 *(.rodata._ZTV15SerialTransport)
 .rodata._ZTV15SerialTransport
                0x0000000000000284       0x20 /home/arduino/ArduinoApps/sensor-monitor/.cache/sketch/sketch/sketch.ino.cpp.o
                0x0000000000000284                vtable for SerialTransport
 *(.rodata._ZTV16ModulinoDistance)
 .rodata._ZTV16ModulinoDistance
                0x00000000000002a4       0x18 /home/arduino/ArduinoApps/sensor-monitor/.cache/sketch/sketch/sketch.ino.cpp.o
                0x00000000000002a4                vtable for ModulinoDistance
 *(.rodata._ZTV16ModulinoMovement)
 .rodata._ZTV16ModulinoMovement
                0x00000000000002bc       0x18 /home/arduino/ArduinoApps/sensor-monitor/.cache/sketch/sketch/sketch.ino.cpp.o
                0x00000000000002bc                vtable for ModulinoMovement
 *(.rodata._ZTV8VL53L4CD)
 .rodata._ZTV8VL53L4CD
                0x00000000000002d4       0x20 /home/arduino/ArduinoApps/sensor-monitor/.cache/sketch/sketch/sketch.ino.cpp.o
                0x00000000000002d4                vtable for VL53L4CD
 *(.rodata._ZTV8VL53L4ED)
 .rodata._ZTV8VL53L4ED
                0x00000000000002f4       0x20 /home/arduino/ArduinoApps/sensor-monitor/.cache/sketch/sketch/sketch.ino.cpp.o
                0x00000000000002f4                vtable for VL53L4ED
 *(.rodata._ZTVN7arduino12ZephyrSerialE)
 .rodata._ZTVN7arduino12ZephyrSerialE
                0x0000000000000314       0x38 /home/arduino/ArduinoApps/sensor-monitor/.cache/sketch/core/core.a(zephyrSerial.cpp.o)
                0x0000000000000314                vtable for arduino::ZephyrSerial
 *(.rodata._ZTVN7arduino9ZephyrI2CE)
 .rodata._ZTVN7arduino9ZephyrI2CE
                0x000000000000034c       0x54 /home/arduino/ArduinoApps/sensor-monitor/.cache/sketch/libraries/Wire/Wire.cpp.o
                0x000000000000034c                vtable for arduino::ZephyrI2C
 *(.rodata._ZTVN7arduino9ZephyrSPIE)
 .rodata._ZTVN7arduino9ZephyrSPIE
                0x00000000000003a0       0x3c /home/arduino/ArduinoApps/sensor-monitor/.cache/sketch/libraries/SPI/SPI.cpp.o
                0x00000000000003a0                vtable for arduino::ZephyrSPI

.llext.rodata.noreloc
                0x00000000000003dc      0x3e4
 *(.rodata.CSWTCH.164)
 .rodata.CSWTCH.164
                0x00000000000003dc       0x14 /home/arduino/ArduinoApps/sensor-monitor/.cache/sketch/core/core.a(zephyrCommon.cpp.o)
 *(.rodata.CSWTCH.343)
 .rodata.CSWTCH.343
                0x00000000000003f0        0xa /home/arduino/ArduinoApps/sensor-monitor/.cache/sketch/libraries/Arduino_LTR381RGB/LTR381RGB.cpp.o
 *(.rodata.CSWTCH.345)
 .rodata.CSWTCH.345
                0x00000000000003fa       0x12 /home/arduino/ArduinoApps/sensor-monitor/.cache/sketch/libraries/Arduino_LTR381RGB/LTR381RGB.cpp.o
 *(.rodata._GLOBAL__sub_I_thermo.str1.1)
 .rodata._GLOBAL__sub_I_thermo.str1.1
                0x000000000000040c       0x1f /home/arduino/ArduinoApps/sensor-monitor/.cache/sketch/sketch/sketch.ino.cpp.o
 *(.rodata._Z12updateSystemv.str1.1)
 .rodata._Z12updateSystemv.str1.1
                0x000000000000042b       0x5b /home/arduino/ArduinoApps/sensor-monitor/.cache/sketch/sketch/sketch.ino.cpp.o
 *(.rodata._ZL30VL53L4CD_DEFAULT_CONFIGURATION)
 .rodata._ZL30VL53L4CD_DEFAULT_CONFIGURATION
                0x0000000000000486       0x5b /home/arduino/ArduinoApps/sensor-monitor/.cache/sketch/libraries/STM32duino VL53L4CD/vl53l4cd_api.cpp.o
 *(.rodata._ZL30VL53L4ED_DEFAULT_CONFIGURATION)
 .rodata._ZL30VL53L4ED_DEFAULT_CONFIGURATION
                0x00000000000004e1       0x5b /home/arduino/ArduinoApps/sensor-monitor/.cache/sketch/libraries/STM32duino VL53L4ED/vl53l4ed_api.cpp.o
 *(.rodata._ZN10RpcDecoderILj1024EE12get_responseIN7arduino7msgpack6object5nil_tEEEbjRT_R8RpcError.str1.1)
 .rodata._ZN10RpcDecoderILj1024EE12get_responseIN7arduino7msgpack6object5nil_tEEEbjRT_R8RpcError.str1.1
                0x000000000000053c       0x7b /home/arduino/ArduinoApps/sensor-monitor/.cache/sketch/libraries/Arduino_RouterBridge/singletons.cpp.o
 *(.rodata._ZN10RpcDecoderILj1024EE12get_responseIbEEbjRT_R8RpcError.str1.1)
 .rodata._ZN10RpcDecoderILj1024EE12get_responseIbEEbjRT_R8RpcError.str1.1
                0x00000000000005b7       0x7b /home/arduino/ArduinoApps/sensor-monitor/.cache/sketch/sketch/sketch.ino.cpp.o
 *(.rodata._ZN11BridgeClass11update_safeEv.str1.1)
 .rodata._ZN11BridgeClass11update_safeEv.str1.1
                0x0000000000000632        0x9 /home/arduino/ArduinoApps/sensor-monitor/.cache/sketch/sketch/sketch.ino.cpp.o
 *(.rodata._ZN13BridgeMonitorILj512EE5_readEj.str1.1)
 .rodata._ZN13BridgeMonitorILj512EE5_readEj.str1.1
                0x000000000000063b        0x9 /home/arduino/ArduinoApps/sensor-monitor/.cache/sketch/libraries/Arduino_RouterBridge/singletons.cpp.o
 *(.rodata._ZN13BridgeMonitorILj512EE5writeEPKhj.str1.1)
 .rodata._ZN13BridgeMonitorILj512EE5writeEPKhj.str1.1
                0x0000000000000644       0x49 /home/arduino/ArduinoApps/sensor-monitor/.cache/sketch/libraries/Arduino_RouterBridge/singletons.cpp.o
 *(.rodata._ZN7RpcCallIJEE6resultIbEEbRT_.str1.1)
 .rodata._ZN7RpcCallIJEE6resultIbEEbRT_.str1.1
                0x000000000000068d       0x21 /home/arduino/ArduinoApps/sensor-monitor/.cache/sketch/sketch/sketch.ino.cpp.o
 *(.rodata._ZN7arduino7msgpack6object3extC2EaPKhj.str1.1)
 .rodata._ZN7arduino7msgpack6object3extC2EaPKhj.str1.1
                0x00000000000006ae       0x28 /home/arduino/ArduinoApps/sensor-monitor/.cache/sketch/sketch/sketch.ino.cpp.o
 *(.rodata._ZN8RpcErrorC2Ev.str1.1)
 .rodata._ZN8RpcErrorC2Ev.str1.1
                0x00000000000006d6        0x1 /home/arduino/ArduinoApps/sensor-monitor/.cache/sketch/sketch/sketch.ino.cpp.o
 .rodata._ZN8RpcErrorC2Ev.str1.1
                0x00000000000006d7        0x1 /home/arduino/ArduinoApps/sensor-monitor/.cache/sketch/libraries/Arduino_RouterBridge/singletons.cpp.o
 *(.rodata._ZNSt6vectorIjSaIjEE17_M_realloc_insertIJRjEEEvN9__gnu_cxx17__normal_iteratorIPjS1_EEDpOT_.str1.1)
 .rodata._ZNSt6vectorIjSaIjEE17_M_realloc_insertIJRjEEEvN9__gnu_cxx17__normal_iteratorIPjS1_EEDpOT_.str1.1
                0x00000000000006d8       0x1a /home/arduino/ArduinoApps/sensor-monitor/.cache/sketch/sketch/sketch.ino.cpp.o
 .rodata._ZNSt6vectorIjSaIjEE17_M_realloc_insertIJRjEEEvN9__gnu_cxx17__normal_iteratorIPjS1_EEDpOT_.str1.1
                0x00000000000006f2       0x1a /home/arduino/ArduinoApps/sensor-monitor/.cache/sketch/libraries/Arduino_RouterBridge/singletons.cpp.o
 *(.rodata.setup.str1.1)
 .rodata.setup.str1.1
                0x000000000000070c       0x63 /home/arduino/ArduinoApps/sensor-monitor/.cache/sketch/sketch/sketch.ino.cpp.o
 *(.rodata.str1.1)
 .rodata.str1.1
                0x000000000000076f       0x51 /home/arduino/ArduinoApps/sensor-monitor/.cache/sketch/core/core.a(main.cpp.o)

.rel.rodata
 *(.rel.rodata)
 *(.rel.rodata.*)

.rela.rodata
 *(.rela.rodata)
 *(.rela.rodata.*)

/DISCARD/
 *(.ARM.attributes)
 *(.ARM.attributes.*)
 *(.ARM.exidx)
 *(.ARM.exidx.*)
 *(.ARM.extidx)
 *(.ARM.extidx.*)
 *(.ARM.extab)
 *(.ARM.extab.*)
 *(.comment)
 *(.comment.*)
 *(.llvmbc)
 *(.llvmcmd)
 *(.eh_frame)
 *stdexcept.o()
 *eh_*.o()
 *cow-stdexcept.o()
 *cow-string-inst.o()

.text           0x0000000000000000     0x7b58
 *(.text)
 *(.stub)
 *(.text*)
 .text._ZN15SerialTransport9availableEv
                0x0000000000000000       0x12 /home/arduino/ArduinoApps/sensor-monitor/.cache/sketch/sketch/sketch.ino.cpp.o
                0x0000000000000000                SerialTransport::available()
 .text._ZN15SerialTransport5writeEPKhj
                0x0000000000000012       0x10 /home/arduino/ArduinoApps/sensor-monitor/.cache/sketch/sketch/sketch.ino.cpp.o
                0x0000000000000012                SerialTransport::write(unsigned char const*, unsigned int)
 .text._ZN8VL53L4CDD2Ev
                0x0000000000000022        0x2 /home/arduino/ArduinoApps/sensor-monitor/.cache/sketch/sketch/sketch.ino.cpp.o
                0x0000000000000022                VL53L4CD::~VL53L4CD()
                0x0000000000000022                VL53L4CD::~VL53L4CD()
 .text._ZN8VL53L4EDD2Ev
                0x0000000000000024        0x2 /home/arduino/ArduinoApps/sensor-monitor/.cache/sketch/sketch/sketch.ino.cpp.o
                0x0000000000000024                VL53L4ED::~VL53L4ED()
                0x0000000000000024                VL53L4ED::~VL53L4ED()
 .text._ZN6Module8discoverEv
                0x0000000000000026        0x4 /home/arduino/ArduinoApps/sensor-monitor/.cache/sketch/sketch/sketch.ino.cpp.o
                0x0000000000000026                Module::discover()
 .text._ZN16ModulinoDistanceD2Ev
                0x000000000000002a        0x2 /home/arduino/ArduinoApps/sensor-monitor/.cache/sketch/sketch/sketch.ino.cpp.o
                0x000000000000002a                ModulinoDistance::~ModulinoDistance()
                0x000000000000002a                ModulinoDistance::~ModulinoDistance()
 .text._ZN13ModulinoLightD2Ev
                0x000000000000002c        0x2 /home/arduino/ArduinoApps/sensor-monitor/.cache/sketch/sketch/sketch.ino.cpp.o
                0x000000000000002c                ModulinoLight::~ModulinoLight()
                0x000000000000002c                ModulinoLight::~ModulinoLight()
 .text._ZN14ModulinoThermoD2Ev
                0x000000000000002e        0x2 /home/arduino/ArduinoApps/sensor-monitor/.cache/sketch/sketch/sketch.ino.cpp.o
                0x000000000000002e                ModulinoThermo::~ModulinoThermo()
                0x000000000000002e                ModulinoThermo::~ModulinoThermo()
 .text._ZN16ModulinoMovementD2Ev
                0x0000000000000030        0x2 /home/arduino/ArduinoApps/sensor-monitor/.cache/sketch/sketch/sketch.ino.cpp.o
                0x0000000000000030                ModulinoMovement::~ModulinoMovement()
                0x0000000000000030                ModulinoMovement::~ModulinoMovement()
 .text._ZN15SerialTransportD2Ev
                0x0000000000000032        0x2 /home/arduino/ArduinoApps/sensor-monitor/.cache/sketch/sketch/sketch.ino.cpp.o
                0x0000000000000032                SerialTransport::~SerialTransport()
                0x0000000000000032                SerialTransport::~SerialTransport()
 .text.k_yield  0x0000000000000034        0x8 /home/arduino/ArduinoApps/sensor-monitor/.cache/sketch/sketch/sketch.ino.cpp.o
 .text.k_mutex_lock
                0x000000000000003c        0x8 /home/arduino/ArduinoApps/sensor-monitor/.cache/sketch/sketch/sketch.ino.cpp.o
 .text.__tcf_0  0x0000000000000044       0x10 /home/arduino/ArduinoApps/sensor-monitor/.cache/sketch/sketch/sketch.ino.cpp.o
 .text._ZN15SerialTransport4readEPhj
                0x0000000000000054       0x28 /home/arduino/ArduinoApps/sensor-monitor/.cache/sketch/sketch/sketch.ino.cpp.o
                0x0000000000000054                SerialTransport::read(unsigned char*, unsigned int)
 .text._ZN15SerialTransport9read_byteERh
                0x000000000000007c       0x20 /home/arduino/ArduinoApps/sensor-monitor/.cache/sketch/sketch/sketch.ino.cpp.o
                0x000000000000007c                SerialTransport::read_byte(unsigned char&)
 .text._ZN8VL53L4CDD0Ev
                0x000000000000009c       0x14 /home/arduino/ArduinoApps/sensor-monitor/.cache/sketch/sketch/sketch.ino.cpp.o
                0x000000000000009c                VL53L4CD::~VL53L4CD()
 .text._ZN8VL53L4EDD0Ev
                0x00000000000000b0       0x14 /home/arduino/ArduinoApps/sensor-monitor/.cache/sketch/sketch/sketch.ino.cpp.o
                0x00000000000000b0                VL53L4ED::~VL53L4ED()
 .text._ZN14ModulinoThermoD0Ev
                0x00000000000000c4       0x14 /home/arduino/ArduinoApps/sensor-monitor/.cache/sketch/sketch/sketch.ino.cpp.o
                0x00000000000000c4                ModulinoThermo::~ModulinoThermo()
 .text._ZN16ModulinoDistanceD0Ev
                0x00000000000000d8       0x14 /home/arduino/ArduinoApps/sensor-monitor/.cache/sketch/sketch/sketch.ino.cpp.o
                0x00000000000000d8                ModulinoDistance::~ModulinoDistance()
 .text._ZN16ModulinoMovementD0Ev
                0x00000000000000ec       0x14 /home/arduino/ArduinoApps/sensor-monitor/.cache/sketch/sketch/sketch.ino.cpp.o
                0x00000000000000ec                ModulinoMovement::~ModulinoMovement()
 .text._ZN13ModulinoLightD0Ev
                0x0000000000000100       0x14 /home/arduino/ArduinoApps/sensor-monitor/.cache/sketch/sketch/sketch.ino.cpp.o
                0x0000000000000100                ModulinoLight::~ModulinoLight()
 .text._ZN15SerialTransportD0Ev
                0x0000000000000114       0x14 /home/arduino/ArduinoApps/sensor-monitor/.cache/sketch/sketch/sketch.ino.cpp.o
                0x0000000000000114                SerialTransport::~SerialTransport()
 .text._ZN8VL53L4CD3endEv
                0x0000000000000128       0x18 /home/arduino/ArduinoApps/sensor-monitor/.cache/sketch/sketch/sketch.ino.cpp.o
                0x0000000000000128                VL53L4CD::end()
 .text._ZN8VL53L4CD5beginEv
                0x0000000000000140       0x28 /home/arduino/ArduinoApps/sensor-monitor/.cache/sketch/sketch/sketch.ino.cpp.o
                0x0000000000000140                VL53L4CD::begin()
 .text._ZN8VL53L4ED3endEv
                0x0000000000000168       0x18 /home/arduino/ArduinoApps/sensor-monitor/.cache/sketch/sketch/sketch.ino.cpp.o
                0x0000000000000168                VL53L4ED::end()
 .text._ZN8VL53L4ED5beginEv
                0x0000000000000180       0x28 /home/arduino/ArduinoApps/sensor-monitor/.cache/sketch/sketch/sketch.ino.cpp.o
                0x0000000000000180                VL53L4ED::begin()
 .text._ZNK6Module7printToERN7arduino5PrintE
                0x00000000000001a8       0x10 /home/arduino/ArduinoApps/sensor-monitor/.cache/sketch/sketch/sketch.ino.cpp.o
                0x00000000000001a8                Module::printTo(arduino::Print&) const
 .text._ZSt14__relocate_a_1IhhENSt9enable_ifIXsrSt24__is_bitwise_relocatableIT_vE5valueEPS2_E4typeES4_S4_S4_RSaIT0_E.isra.0
                0x00000000000001b8       0x20 /home/arduino/ArduinoApps/sensor-monitor/.cache/sketch/sketch/sketch.ino.cpp.o
 .text._ZNSt12_Vector_baseIhSaIhEE11_M_allocateEj.isra.0
                0x00000000000001d8       0x20 /home/arduino/ArduinoApps/sensor-monitor/.cache/sketch/sketch/sketch.ino.cpp.o
 .text.k_mutex_unlock.isra.0
                0x00000000000001f8        0x8 /home/arduino/ArduinoApps/sensor-monitor/.cache/sketch/sketch/sketch.ino.cpp.o
 .text.k_mutex_init.isra.0
                0x0000000000000200        0x8 /home/arduino/ArduinoApps/sensor-monitor/.cache/sketch/sketch/sketch.ino.cpp.o
 .text.k_sleep.isra.0
                0x0000000000000208        0x8 /home/arduino/ArduinoApps/sensor-monitor/.cache/sketch/sketch/sketch.ino.cpp.o
 .text.k_msleep.constprop.0.isra.0
                0x0000000000000210        0xc /home/arduino/ArduinoApps/sensor-monitor/.cache/sketch/sketch/sketch.ino.cpp.o
 .text._ZN8VL53L4ED11VL53L4ED_OnEv
                0x000000000000021c       0x24 /home/arduino/ArduinoApps/sensor-monitor/.cache/sketch/sketch/sketch.ino.cpp.o
                0x000000000000021c                VL53L4ED::VL53L4ED_On()
 .text._ZN8VL53L4ED12VL53L4ED_OffEv
                0x0000000000000240       0x24 /home/arduino/ArduinoApps/sensor-monitor/.cache/sketch/sketch/sketch.ino.cpp.o
                0x0000000000000240                VL53L4ED::VL53L4ED_Off()
 .text._ZN8VL53L4CD11VL53L4CD_OnEv
                0x0000000000000264       0x24 /home/arduino/ArduinoApps/sensor-monitor/.cache/sketch/sketch/sketch.ino.cpp.o
                0x0000000000000264                VL53L4CD::VL53L4CD_On()
 .text._ZN8VL53L4CD12VL53L4CD_OffEv
                0x0000000000000288       0x24 /home/arduino/ArduinoApps/sensor-monitor/.cache/sketch/sketch/sketch.ino.cpp.o
                0x0000000000000288                VL53L4CD::VL53L4CD_Off()
 .text._ZN7arduino7msgpack8Unpacker11deserializeEv
                0x00000000000002ac       0x16 /home/arduino/ArduinoApps/sensor-monitor/.cache/sketch/sketch/sketch.ino.cpp.o
                0x00000000000002ac                arduino::msgpack::Unpacker::deserialize()
 .text._ZN7arduino7msgpack8Unpacker5clearEv
                0x00000000000002c2       0x14 /home/arduino/ArduinoApps/sensor-monitor/.cache/sketch/sketch/sketch.ino.cpp.o
                0x00000000000002c2                arduino::msgpack::Unpacker::clear()
 .text._ZNK7arduino7msgpack8Unpacker13getRawBytePtrEjj
                0x00000000000002d6       0x1e /home/arduino/ArduinoApps/sensor-monitor/.cache/sketch/sketch/sketch.ino.cpp.o
                0x00000000000002d6                arduino::msgpack::Unpacker::getRawBytePtr(unsigned int, unsigned int) const
 .text._ZN8RpcErrorC2Ev
                0x00000000000002f4       0x2c /home/arduino/ArduinoApps/sensor-monitor/.cache/sketch/sketch/sketch.ino.cpp.o
                0x00000000000002f4                RpcError::RpcError()
                0x00000000000002f4                RpcError::RpcError()
 .text._ZN7arduino7msgpack8UnpackerC2Ev
                0x0000000000000320       0x10 /home/arduino/ArduinoApps/sensor-monitor/.cache/sketch/sketch/sketch.ino.cpp.o
                0x0000000000000320                arduino::msgpack::Unpacker::Unpacker()
                0x0000000000000320                arduino::msgpack::Unpacker::Unpacker()
 .text._ZN10RPCRequestILj256EEC2Ev
                0x0000000000000330       0x4c /home/arduino/ArduinoApps/sensor-monitor/.cache/sketch/sketch/sketch.ino.cpp.o
                0x0000000000000330                RPCRequest<256u>::RPCRequest()
                0x0000000000000330                RPCRequest<256u>::RPCRequest()
 .text._ZN11BridgeClass10is_startedEv
                0x000000000000037c       0x2c /home/arduino/ArduinoApps/sensor-monitor/.cache/sketch/sketch/sketch.ino.cpp.o
                0x000000000000037c                BridgeClass::is_started()
 .text._Z13processThermov
                0x00000000000003a8       0x84 /home/arduino/ArduinoApps/sensor-monitor/.cache/sketch/sketch/sketch.ino.cpp.o
                0x00000000000003a8                processThermo()
 .text._Z15processDistancev
                0x000000000000042c       0x1c /home/arduino/ArduinoApps/sensor-monitor/.cache/sketch/sketch/sketch.ino.cpp.o
                0x000000000000042c                processDistance()
 .text._Z15processMovementv
                0x0000000000000448       0x90 /home/arduino/ArduinoApps/sensor-monitor/.cache/sketch/sketch/sketch.ino.cpp.o
                0x0000000000000448                processMovement()
 .text._Z12processLightv
                0x00000000000004d8       0x20 /home/arduino/ArduinoApps/sensor-monitor/.cache/sketch/sketch/sketch.ino.cpp.o
                0x00000000000004d8                processLight()
 .text._ZNSt12_Vector_baseIhSaIhEED2Ev
                0x00000000000004f8       0x18 /home/arduino/ArduinoApps/sensor-monitor/.cache/sketch/sketch/sketch.ino.cpp.o
                0x00000000000004f8                std::_Vector_base<unsigned char, std::allocator<unsigned char> >::~_Vector_base()
                0x00000000000004f8                std::_Vector_base<unsigned char, std::allocator<unsigned char> >::~_Vector_base()
 .text.__tcf_2  0x0000000000000510       0x14 /home/arduino/ArduinoApps/sensor-monitor/.cache/sketch/sketch/sketch.ino.cpp.o
 .text.__tcf_1  0x0000000000000524       0x14 /home/arduino/ArduinoApps/sensor-monitor/.cache/sketch/sketch/sketch.ino.cpp.o
 .text._ZNSt6vectorIhSaIhEE14_M_move_assignEOS1_St17integral_constantIbLb1EE.isra.0
                0x0000000000000538       0x34 /home/arduino/ArduinoApps/sensor-monitor/.cache/sketch/sketch/sketch.ino.cpp.o
 .text._ZNK7arduino7msgpack8Unpacker11getRawBytesIhEET_jj
                0x000000000000056c       0x1e /home/arduino/ArduinoApps/sensor-monitor/.cache/sketch/sketch/sketch.ino.cpp.o
                0x000000000000056c                unsigned char arduino::msgpack::Unpacker::getRawBytes<unsigned char>(unsigned int, unsigned int) const
 *fill*         0x000000000000058a        0x2 
 .text._ZNK7arduino7msgpack8Unpacker7getTypeEj
                0x000000000000058c       0x58 /home/arduino/ArduinoApps/sensor-monitor/.cache/sketch/sketch/sketch.ino.cpp.o
                0x000000000000058c                arduino::msgpack::Unpacker::getType(unsigned int) const
 .text._ZNK7arduino7msgpack8Unpacker7getTypeEv
                0x00000000000005e4       0x10 /home/arduino/ArduinoApps/sensor-monitor/.cache/sketch/sketch/sketch.ino.cpp.o
                0x00000000000005e4                arduino::msgpack::Unpacker::getType() const
 .text._ZNK7arduino7msgpack8Unpacker7isArrayEv
                0x00000000000005f4       0x20 /home/arduino/ArduinoApps/sensor-monitor/.cache/sketch/sketch/sketch.ino.cpp.o
                0x00000000000005f4                arduino::msgpack::Unpacker::isArray() const
 .text._ZN7arduino7msgpack8Unpacker11unpackInt32Ev
                0x0000000000000614       0x58 /home/arduino/ArduinoApps/sensor-monitor/.cache/sketch/sketch/sketch.ino.cpp.o
                0x0000000000000614                arduino::msgpack::Unpacker::unpackInt32()
 .text._ZN7arduino7msgpack8Unpacker11unpackInt64Ev
                0x000000000000066c       0x60 /home/arduino/ArduinoApps/sensor-monitor/.cache/sketch/sketch/sketch.ino.cpp.o
                0x000000000000066c                arduino::msgpack::Unpacker::unpackInt64()
 .text._ZN7arduino7msgpack8Unpacker9unpackNilEv
                0x00000000000006cc       0x3c /home/arduino/ArduinoApps/sensor-monitor/.cache/sketch/sketch/sketch.ino.cpp.o
                0x00000000000006cc                arduino::msgpack::Unpacker::unpackNil()
 .text._ZNK7arduino7msgpack8Unpacker5isMapEv
                0x0000000000000708       0x20 /home/arduino/ArduinoApps/sensor-monitor/.cache/sketch/sketch/sketch.ino.cpp.o
                0x0000000000000708                arduino::msgpack::Unpacker::isMap() const
 .text._ZNK7arduino7msgpack8Unpacker6isUIntEv
                0x0000000000000728       0x20 /home/arduino/ArduinoApps/sensor-monitor/.cache/sketch/sketch/sketch.ino.cpp.o
                0x0000000000000728                arduino::msgpack::Unpacker::isUInt() const
 .text._ZNK7arduino7msgpack8Unpacker5isIntEv
                0x0000000000000748       0x20 /home/arduino/ArduinoApps/sensor-monitor/.cache/sketch/sketch/sketch.ino.cpp.o
                0x0000000000000748                arduino::msgpack::Unpacker::isInt() const
 .text._ZN7arduino7msgpack8Unpacker13unpackFloat32Ev
                0x0000000000000768       0x60 /home/arduino/ArduinoApps/sensor-monitor/.cache/sketch/sketch/sketch.ino.cpp.o
                0x0000000000000768                arduino::msgpack::Unpacker::unpackFloat32()
 .text._ZN7arduino7msgpack8Unpacker11unpackInt16Ev
                0x00000000000007c8       0x4c /home/arduino/ArduinoApps/sensor-monitor/.cache/sketch/sketch/sketch.ino.cpp.o
                0x00000000000007c8                arduino::msgpack::Unpacker::unpackInt16()
 *fill*         0x0000000000000814        0x4 
 .text._ZN7arduino7msgpack8Unpacker13unpackFloat64Ev
                0x0000000000000818       0x6c /home/arduino/ArduinoApps/sensor-monitor/.cache/sketch/sketch/sketch.ino.cpp.o
                0x0000000000000818                arduino::msgpack::Unpacker::unpackFloat64()
 .text._ZN7arduino7msgpack8Unpacker10unpackInt5Ev
                0x0000000000000884       0x4c /home/arduino/ArduinoApps/sensor-monitor/.cache/sketch/sketch/sketch.ino.cpp.o
                0x0000000000000884                arduino::msgpack::Unpacker::unpackInt5()
 .text._ZN7arduino7msgpack8Unpacker11unpackUInt7Ev
                0x00000000000008d0       0x48 /home/arduino/ArduinoApps/sensor-monitor/.cache/sketch/sketch/sketch.ino.cpp.o
                0x00000000000008d0                arduino::msgpack::Unpacker::unpackUInt7()
 .text._ZN7arduino7msgpack8Unpacker11unpackUInt8Ev
                0x0000000000000918       0x48 /home/arduino/ArduinoApps/sensor-monitor/.cache/sketch/sketch/sketch.ino.cpp.o
                0x0000000000000918                arduino::msgpack::Unpacker::unpackUInt8()
 .text._ZNK7arduino7msgpack8Unpacker11getRawBytesItEET_jj
                0x0000000000000960       0x26 /home/arduino/ArduinoApps/sensor-monitor/.cache/sketch/sketch/sketch.ino.cpp.o
                0x0000000000000960                unsigned short arduino::msgpack::Unpacker::getRawBytes<unsigned short>(unsigned int, unsigned int) const
 *fill*         0x0000000000000986        0x2 
 .text._ZN7arduino7msgpack8Unpacker12unpackUInt16Ev
                0x0000000000000988       0x48 /home/arduino/ArduinoApps/sensor-monitor/.cache/sketch/sketch/sketch.ino.cpp.o
                0x0000000000000988                arduino::msgpack::Unpacker::unpackUInt16()
 .text._ZNK7arduino7msgpack8Unpacker11getRawBytesIjEET_jj
                0x00000000000009d0       0x34 /home/arduino/ArduinoApps/sensor-monitor/.cache/sketch/sketch/sketch.ino.cpp.o
                0x00000000000009d0                unsigned int arduino::msgpack::Unpacker::getRawBytes<unsigned int>(unsigned int, unsigned int) const
 .text._ZNK7arduino7msgpack8Unpacker14getElementSizeEj
                0x0000000000000a04      0x11c /home/arduino/ArduinoApps/sensor-monitor/.cache/sketch/sketch/sketch.ino.cpp.o
                0x0000000000000a04                arduino::msgpack::Unpacker::getElementSize(unsigned int) const
 .text._ZN7arduino7msgpack8Unpacker15unpackArraySizeEv
                0x0000000000000b20       0x78 /home/arduino/ArduinoApps/sensor-monitor/.cache/sketch/sketch/sketch.ino.cpp.o
                0x0000000000000b20                arduino::msgpack::Unpacker::unpackArraySize()
 .text._ZN7arduino7msgpack8Unpacker11deserializeINS0_4type9ArraySizeEJEEEbRT_DpOT0_.isra.0
                0x0000000000000b98       0x40 /home/arduino/ArduinoApps/sensor-monitor/.cache/sketch/sketch/sketch.ino.cpp.o
 .text._ZN7arduino7msgpack8Unpacker12unpackUInt32Ev
                0x0000000000000bd8       0x48 /home/arduino/ArduinoApps/sensor-monitor/.cache/sketch/sketch/sketch.ino.cpp.o
                0x0000000000000bd8                arduino::msgpack::Unpacker::unpackUInt32()
 .text._ZN7arduino7msgpack8Unpacker13unpackMapSizeEv
                0x0000000000000c20       0x78 /home/arduino/ArduinoApps/sensor-monitor/.cache/sketch/sketch/sketch.ino.cpp.o
                0x0000000000000c20                arduino::msgpack::Unpacker::unpackMapSize()
 .text._ZNK7arduino7msgpack8Unpacker11getRawBytesIyEET_jj
                0x0000000000000c98       0x3a /home/arduino/ArduinoApps/sensor-monitor/.cache/sketch/sketch/sketch.ino.cpp.o
                0x0000000000000c98                unsigned long long arduino::msgpack::Unpacker::getRawBytes<unsigned long long>(unsigned int, unsigned int) const
 *fill*         0x0000000000000cd2        0x2 
 .text._ZN7arduino7msgpack8Unpacker12unpackUInt64Ev
                0x0000000000000cd4       0x4c /home/arduino/ArduinoApps/sensor-monitor/.cache/sketch/sketch/sketch.ino.cpp.o
                0x0000000000000cd4                arduino::msgpack::Unpacker::unpackUInt64()
 .text._ZNK7arduino7msgpack8Unpacker11getRawBytesIaEET_jj
                0x0000000000000d20       0x1e /home/arduino/ArduinoApps/sensor-monitor/.cache/sketch/sketch/sketch.ino.cpp.o
                0x0000000000000d20                signed char arduino::msgpack::Unpacker::getRawBytes<signed char>(unsigned int, unsigned int) const
 *fill*         0x0000000000000d3e        0x2 
 .text._ZN7arduino7msgpack8Unpacker10unpackInt8Ev
                0x0000000000000d40       0x48 /home/arduino/ArduinoApps/sensor-monitor/.cache/sketch/sketch/sketch.ino.cpp.o
                0x0000000000000d40                arduino::msgpack::Unpacker::unpackInt8()
 .text._ZNK7arduino7msgpack8Unpacker13isTimestamp32Ev
                0x0000000000000d88       0x2c /home/arduino/ArduinoApps/sensor-monitor/.cache/sketch/sketch/sketch.ino.cpp.o
                0x0000000000000d88                arduino::msgpack::Unpacker::isTimestamp32() const
 .text._ZNK7arduino7msgpack8Unpacker13isTimestamp64Ev
                0x0000000000000db4       0x2c /home/arduino/ArduinoApps/sensor-monitor/.cache/sketch/sketch/sketch.ino.cpp.o
                0x0000000000000db4                arduino::msgpack::Unpacker::isTimestamp64() const
 .text._ZNK7arduino7msgpack8Unpacker13isTimestamp96Ev
                0x0000000000000de0       0x40 /home/arduino/ArduinoApps/sensor-monitor/.cache/sketch/sketch/sketch.ino.cpp.o
                0x0000000000000de0                arduino::msgpack::Unpacker::isTimestamp96() const
 .text._ZNK7arduino7msgpack8Unpacker11getRawBytesIcEET_jj
                0x0000000000000e20       0x1e /home/arduino/ArduinoApps/sensor-monitor/.cache/sketch/sketch/sketch.ino.cpp.o
                0x0000000000000e20                char arduino::msgpack::Unpacker::getRawBytes<char>(unsigned int, unsigned int) const
 *fill*         0x0000000000000e3e        0x2 
 .text._ZN7arduino7msgpack8Unpacker11deserializeINS0_6object5nil_tEJEEEbRT_DpOT0_
                0x0000000000000e40       0x40 /home/arduino/ArduinoApps/sensor-monitor/.cache/sketch/sketch/sketch.ino.cpp.o
                0x0000000000000e40                bool arduino::msgpack::Unpacker::deserialize<arduino::msgpack::object::nil_t>(arduino::msgpack::object::nil_t&)
 .text._ZN7arduino7msgpack8Unpacker11deserializeIbJEEEbRT_DpOT0_
                0x0000000000000e80       0x68 /home/arduino/ArduinoApps/sensor-monitor/.cache/sketch/sketch/sketch.ino.cpp.o
                0x0000000000000e80                bool arduino::msgpack::Unpacker::deserialize<bool>(bool&)
 .text._ZN7arduino7msgpack8Unpacker11deserializeINS_6StringEJEEEbRT_DpOT0_
                0x0000000000000ee8      0x174 /home/arduino/ArduinoApps/sensor-monitor/.cache/sketch/sketch/sketch.ino.cpp.o
                0x0000000000000ee8                bool arduino::msgpack::Unpacker::deserialize<arduino::String>(arduino::String&)
 .text._ZN7arduino7msgpack8Unpacker11deserializeINS0_6object8timespecEJEEEbRT_DpOT0_
                0x000000000000105c       0xc4 /home/arduino/ArduinoApps/sensor-monitor/.cache/sketch/sketch/sketch.ino.cpp.o
                0x000000000000105c                bool arduino::msgpack::Unpacker::deserialize<arduino::msgpack::object::timespec>(arduino::msgpack::object::timespec&)
 .text._ZN17RpcDecoderManagerILj3EE10getDecoderER10ITransport
                0x0000000000001120       0x7c /home/arduino/ArduinoApps/sensor-monitor/.cache/sketch/sketch/sketch.ino.cpp.o
                0x0000000000001120                RpcDecoderManager<3u>::getDecoder(ITransport&)
 .text._ZNSt12_Vector_baseIjSaIjEED2Ev
                0x000000000000119c       0x18 /home/arduino/ArduinoApps/sensor-monitor/.cache/sketch/sketch/sketch.ino.cpp.o
                0x000000000000119c                std::_Vector_base<unsigned int, std::allocator<unsigned int> >::~_Vector_base()
                0x000000000000119c                std::_Vector_base<unsigned int, std::allocator<unsigned int> >::~_Vector_base()
 .text._ZN10RPCRequestILj256EED2Ev
                0x00000000000011b4       0x2c /home/arduino/ArduinoApps/sensor-monitor/.cache/sketch/sketch/sketch.ino.cpp.o
                0x00000000000011b4                RPCRequest<256u>::~RPCRequest()
                0x00000000000011b4                RPCRequest<256u>::~RPCRequest()
 .text._ZNSt6vectorIjSaIjEE17_M_realloc_insertIJRjEEEvN9__gnu_cxx17__normal_iteratorIPjS1_EEDpOT_
                0x00000000000011e0       0xdc /home/arduino/ArduinoApps/sensor-monitor/.cache/sketch/sketch/sketch.ino.cpp.o
                0x00000000000011e0                void std::vector<unsigned int, std::allocator<unsigned int> >::_M_realloc_insert<unsigned int&>(__gnu_cxx::__normal_iterator<unsigned int*, std::vector<unsigned int, std::allocator<unsigned int> > >, unsigned int&)
 .text._ZN7arduino7msgpack8Unpacker4feedEPKhj
                0x00000000000012bc       0x78 /home/arduino/ArduinoApps/sensor-monitor/.cache/sketch/sketch/sketch.ino.cpp.o
                0x00000000000012bc                arduino::msgpack::Unpacker::feed(unsigned char const*, unsigned int)
 .text._ZN7RpcCallIJEE8setErrorEiN7arduino6StringE
                0x0000000000001334       0x40 /home/arduino/ArduinoApps/sensor-monitor/.cache/sketch/sketch/sketch.ino.cpp.o
                0x0000000000001334                RpcCall<>::setError(int, arduino::String)
 .text._ZN7RpcCallIJEE7isErrorEv
                0x0000000000001374       0x34 /home/arduino/ArduinoApps/sensor-monitor/.cache/sketch/sketch/sketch.ino.cpp.o
                0x0000000000001374                RpcCall<>::isError()
 .text._ZNKSt6vectorIhSaIhEE12_M_check_lenEjPKc
                0x00000000000013a8       0x38 /home/arduino/ArduinoApps/sensor-monitor/.cache/sketch/sketch/sketch.ino.cpp.o
                0x00000000000013a8                std::vector<unsigned char, std::allocator<unsigned char> >::_M_check_len(unsigned int, char const*) const
 .text._ZNSt6vectorIhSaIhEE12emplace_backIJhEEERhDpOT_.isra.0
                0x00000000000013e0       0x90 /home/arduino/ArduinoApps/sensor-monitor/.cache/sketch/sketch/sketch.ino.cpp.o
 .text._ZN7arduino7msgpack6Packer11packRawByteERKNS0_4TypeE.isra.0
                0x0000000000001470       0x18 /home/arduino/ArduinoApps/sensor-monitor/.cache/sketch/sketch/sketch.ino.cpp.o
 .text._ZNSt6vectorIhSaIhEE12emplace_backIJRKhEEERhDpOT_.isra.0
                0x0000000000001488       0x90 /home/arduino/ArduinoApps/sensor-monitor/.cache/sketch/sketch/sketch.ino.cpp.o
 .text._ZN7arduino7msgpack6Packer9packUInt8Eh
                0x0000000000001518       0x2c /home/arduino/ArduinoApps/sensor-monitor/.cache/sketch/sketch/sketch.ino.cpp.o
                0x0000000000001518                arduino::msgpack::Packer::packUInt8(unsigned char)
 .text._ZNSt6vectorIhSaIhEE12emplace_backIJRhEEES3_DpOT_.isra.0
                0x0000000000001544       0x90 /home/arduino/ArduinoApps/sensor-monitor/.cache/sketch/sketch/sketch.ino.cpp.o
 .text._ZN7arduino7msgpack6Packer9packFloatIfEENSt9enable_ifIXaasrSt13is_arithmeticIT_E5valuesrSt17is_floating_pointIS5_E5valueEvE4typeERKS5_.isra.0
                0x00000000000015d4       0x30 /home/arduino/ArduinoApps/sensor-monitor/.cache/sketch/sketch/sketch.ino.cpp.o
 .text._ZN7arduino7msgpack6Packer15packRawReversedIjEEvRKT_
                0x0000000000001604       0x1c /home/arduino/ArduinoApps/sensor-monitor/.cache/sketch/sketch/sketch.ino.cpp.o
                0x0000000000001604                void arduino::msgpack::Packer::packRawReversed<unsigned int>(unsigned int const&)
 .text._ZN7arduino7msgpack6Packer10packUInt32Ej
                0x0000000000001620       0x28 /home/arduino/ArduinoApps/sensor-monitor/.cache/sketch/sketch/sketch.ino.cpp.o
                0x0000000000001620                arduino::msgpack::Packer::packUInt32(unsigned int)
 .text._ZN7arduino7msgpack6Packer15packRawReversedItEEvRKT_
                0x0000000000001648       0x1c /home/arduino/ArduinoApps/sensor-monitor/.cache/sketch/sketch/sketch.ino.cpp.o
                0x0000000000001648                void arduino::msgpack::Packer::packRawReversed<unsigned short>(unsigned short const&)
 .text._ZN7arduino7msgpack6Packer13packArraySizeEj
                0x0000000000001664       0x58 /home/arduino/ArduinoApps/sensor-monitor/.cache/sketch/sketch/sketch.ino.cpp.o
                0x0000000000001664                arduino::msgpack::Packer::packArraySize(unsigned int)
 .text._ZN7arduino7msgpack6Packer10packUInt16Et
                0x00000000000016bc       0x2c /home/arduino/ArduinoApps/sensor-monitor/.cache/sketch/sketch/sketch.ino.cpp.o
                0x00000000000016bc                arduino::msgpack::Packer::packUInt16(unsigned short)
 .text._ZN7arduino7msgpack6Packer11packIntegerIjEENSt9enable_ifIXaaaaaasrSt13is_arithmeticIT_E5valuesrSt11is_integralIS5_E5valuentsrSt7is_sameIS5_bE5valuentsrS9_INSt9remove_cvIS5_E4typeEPcE5valueEvE4typeERKS5_.isra.0
                0x00000000000016e8       0x50 /home/arduino/ArduinoApps/sensor-monitor/.cache/sketch/sketch/sketch.ino.cpp.o
 .text._ZN7arduino7msgpack6Packer11packIntegerIiEENSt9enable_ifIXaaaaaasrSt13is_arithmeticIT_E5valuesrSt11is_integralIS5_E5valuentsrSt7is_sameIS5_bE5valuentsrS9_INSt9remove_cvIS5_E4typeEPcE5valueEvE4typeERKS5_.isra.0
                0x0000000000001738       0xb8 /home/arduino/ArduinoApps/sensor-monitor/.cache/sketch/sketch/sketch.ino.cpp.o
 .text._ZN7arduino7msgpack6Packer12packRawBytesEPKcj
                0x00000000000017f0       0x9c /home/arduino/ArduinoApps/sensor-monitor/.cache/sketch/sketch/sketch.ino.cpp.o
                0x00000000000017f0                arduino::msgpack::Packer::packRawBytes(char const*, unsigned int)
 .text._ZN7arduino7msgpack6Packer4packERKNS_6StringE
                0x000000000000188c       0x7c /home/arduino/ArduinoApps/sensor-monitor/.cache/sketch/sketch/sketch.ino.cpp.o
                0x000000000000188c                arduino::msgpack::Packer::pack(arduino::String const&)
 .text._ZN7arduino7msgpack6Packer9serializeIJRKiRKNS_6StringEEEEvRKNS0_4type9ArraySizeEDpOT_.isra.0
                0x0000000000001908       0x2c /home/arduino/ArduinoApps/sensor-monitor/.cache/sketch/sketch/sketch.ino.cpp.o
 .text._ZN7arduino7msgpack8Unpacker9unpackIntIiEENSt9enable_ifIXaaaaaaaasrSt13is_arithmeticIT_E5valuesrSt11is_integralIS5_E5valuentsrSt7is_sameIS5_bE5valuentsrS9_INSt9remove_cvIS5_E4typeEPcE5valuesrSt9is_signedIS5_E5valueES5_E4typeEv
                0x0000000000001934       0xd0 /home/arduino/ArduinoApps/sensor-monitor/.cache/sketch/sketch/sketch.ino.cpp.o
                0x0000000000001934                std::enable_if<(((std::is_arithmetic<int>::value&&std::is_integral<int>::value)&&(!std::is_same<int, bool>::value))&&(!std::is_same<std::remove_cv<int>::type, char*>::value))&&std::is_signed<int>::value, int>::type arduino::msgpack::Unpacker::unpackInt<int>()
 .text._ZN7arduino7msgpack8Unpacker11deserializeIiJEEEbRT_DpOT0_
                0x0000000000001a04       0x40 /home/arduino/ArduinoApps/sensor-monitor/.cache/sketch/sketch/sketch.ino.cpp.o
                0x0000000000001a04                bool arduino::msgpack::Unpacker::deserialize<int>(int&)
 .text._ZN7arduino7msgpack8Unpacker11unpackFloatIfEENSt9enable_ifIXaasrSt13is_arithmeticIT_E5valuesrSt17is_floating_pointIS5_E5valueES5_E4typeEv
                0x0000000000001a44      0x118 /home/arduino/ArduinoApps/sensor-monitor/.cache/sketch/sketch/sketch.ino.cpp.o
                0x0000000000001a44                std::enable_if<std::is_arithmetic<float>::value&&std::is_floating_point<float>::value, float>::type arduino::msgpack::Unpacker::unpackFloat<float>()
 *fill*         0x0000000000001b5c        0x4 
 .text._ZN7arduino7msgpack8Unpacker11unpackFloatIdEENSt9enable_ifIXaasrSt13is_arithmeticIT_E5valuesrSt17is_floating_pointIS5_E5valueES5_E4typeEv
                0x0000000000001b60      0x118 /home/arduino/ArduinoApps/sensor-monitor/.cache/sketch/sketch/sketch.ino.cpp.o
                0x0000000000001b60                std::enable_if<std::is_arithmetic<double>::value&&std::is_floating_point<double>::value, double>::type arduino::msgpack::Unpacker::unpackFloat<double>()
 .text._ZN7arduino7msgpack8Unpacker12unpackBinaryIhEENSt9enable_ifIXoosrSt7is_sameIT_cE5valuesrS4_IS5_hE5valueESt6vectorINS3_IXoosrS7_5valuesrS6_5valueES5_E4typeESaIS5_EEE4typeEv
                0x0000000000001c78      0x114 /home/arduino/ArduinoApps/sensor-monitor/.cache/sketch/sketch/sketch.ino.cpp.o
                0x0000000000001c78                std::enable_if<std::is_same<unsigned char, char>::value||std::is_same<unsigned char, unsigned char>::value, std::vector<std::enable_if<std::is_same<unsigned char, unsigned char>::value||std::is_same<unsigned char, char>::value, unsigned char>::type, std::allocator<unsigned char> > >::type arduino::msgpack::Unpacker::unpackBinary<unsigned char>()
 .text._ZN7arduino7msgpack8Unpacker11deserializeINS0_4type9ArraySizeEJRiEEEbRT_DpOT0_
                0x0000000000001d8c       0x44 /home/arduino/ArduinoApps/sensor-monitor/.cache/sketch/sketch/sketch.ino.cpp.o
                0x0000000000001d8c                bool arduino::msgpack::Unpacker::deserialize<arduino::msgpack::type::ArraySize, int&>(arduino::msgpack::type::ArraySize&, int&)
 .text._ZNK10RpcDecoderILj1024EE4sendEPKhj
                0x0000000000001dd0       0x22 /home/arduino/ArduinoApps/sensor-monitor/.cache/sketch/sketch/sketch.ino.cpp.o
                0x0000000000001dd0                RpcDecoder<1024u>::send(unsigned char const*, unsigned int) const
 *fill*         0x0000000000001df2        0x2 
 .text._ZN9RPCClient8send_rpcIJEEEbRKN7arduino6StringERjDpOT_.isra.0
                0x0000000000001df4       0x8c /home/arduino/ArduinoApps/sensor-monitor/.cache/sketch/sketch/sketch.ino.cpp.o
 .text._ZN11BridgeClass6notifyIJRiEEEvN7arduino6StringEDpOT_
                0x0000000000001e80       0xa8 /home/arduino/ArduinoApps/sensor-monitor/.cache/sketch/sketch/sketch.ino.cpp.o
                0x0000000000001e80                void BridgeClass::notify<int&>(arduino::String, int&)
 .text._ZN11BridgeClass6notifyIJRfS1_EEEvN7arduino6StringEDpOT_
                0x0000000000001f28       0xb4 /home/arduino/ArduinoApps/sensor-monitor/.cache/sketch/sketch/sketch.ino.cpp.o
                0x0000000000001f28                void BridgeClass::notify<float&, float&>(arduino::String, float&, float&)
 .text._Z12updateSystemv
                0x0000000000001fdc      0x1fc /home/arduino/ArduinoApps/sensor-monitor/.cache/sketch/sketch/sketch.ino.cpp.o
                0x0000000000001fdc                updateSystem()
 .text.loop     0x00000000000021d8       0x4c /home/arduino/ArduinoApps/sensor-monitor/.cache/sketch/sketch/sketch.ino.cpp.o
                0x00000000000021d8                loop
 .text._ZN11BridgeClass6notifyIJiEEEvN7arduino6StringEDpOT_
                0x0000000000002224       0xa8 /home/arduino/ArduinoApps/sensor-monitor/.cache/sketch/sketch/sketch.ino.cpp.o
                0x0000000000002224                void BridgeClass::notify<int>(arduino::String, int&&)
 .text._ZNK9RPCServer13send_responseILj256EEEbRK10RPCRequestIXT_EE.isra.0
                0x00000000000022cc       0x24 /home/arduino/ArduinoApps/sensor-monitor/.cache/sketch/sketch/sketch.ino.cpp.o
 .text._ZN10RpcDecoderILj1024EE7consumeEjj
                0x00000000000022f0       0x50 /home/arduino/ArduinoApps/sensor-monitor/.cache/sketch/sketch/sketch.ino.cpp.o
                0x00000000000022f0                RpcDecoder<1024u>::consume(unsigned int, unsigned int)
 .text._ZN10RpcDecoderILj1024EE7discardEv
                0x0000000000002340       0x2c /home/arduino/ArduinoApps/sensor-monitor/.cache/sketch/sketch/sketch.ino.cpp.o
                0x0000000000002340                RpcDecoder<1024u>::discard()
 .text._ZN7arduino7msgpack8Unpacker11deserializeI8RpcErrorJRNS0_6object5nil_tEEEEbRT_DpOT0_
                0x000000000000236c       0x90 /home/arduino/ArduinoApps/sensor-monitor/.cache/sketch/sketch/sketch.ino.cpp.o
                0x000000000000236c                bool arduino::msgpack::Unpacker::deserialize<RpcError, arduino::msgpack::object::nil_t&>(RpcError&, arduino::msgpack::object::nil_t&)
 .text._ZN7arduino7msgpack8Unpacker10unpackUIntIjEENSt9enable_ifIXaaaaaaaasrSt13is_arithmeticIT_E5valuesrSt11is_integralIS5_E5valuentsrSt7is_sameIS5_bE5valuentsrS9_INSt9remove_cvIS5_E4typeEPcE5valuentsrSt9is_signedIS5_E5valueES5_E4typeEv
                0x00000000000023fc       0x80 /home/arduino/ArduinoApps/sensor-monitor/.cache/sketch/sketch/sketch.ino.cpp.o
                0x00000000000023fc                std::enable_if<(((std::is_arithmetic<unsigned int>::value&&std::is_integral<unsigned int>::value)&&(!std::is_same<unsigned int, bool>::value))&&(!std::is_same<std::remove_cv<unsigned int>::type, char*>::value))&&(!std::is_signed<unsigned int>::value), unsigned int>::type arduino::msgpack::Unpacker::unpackUInt<unsigned int>()
 .text._ZN7arduino7msgpack8Unpacker11deserializeIjJRNS_6StringEEEEbRT_DpOT0_
                0x000000000000247c       0x44 /home/arduino/ArduinoApps/sensor-monitor/.cache/sketch/sketch/sketch.ino.cpp.o
                0x000000000000247c                bool arduino::msgpack::Unpacker::deserialize<unsigned int, arduino::String&>(unsigned int&, arduino::String&)
 .text._ZN10RpcDecoderILj1024EE16fetch_rpc_methodEv
                0x00000000000024c0       0xe8 /home/arduino/ArduinoApps/sensor-monitor/.cache/sketch/sketch/sketch.ino.cpp.o
                0x00000000000024c0                RpcDecoder<1024u>::fetch_rpc_method()
 .text._ZN10RPCRequestILj256EE22unpack_request_headersEv
                0x00000000000025a8       0xb8 /home/arduino/ArduinoApps/sensor-monitor/.cache/sketch/sketch/sketch.ino.cpp.o
                0x00000000000025a8                RPCRequest<256u>::unpack_request_headers()
 .text._ZN9RPCServer15process_requestILj256EEEvR10RPCRequestIXT_EE
                0x0000000000002660      0x12c /home/arduino/ArduinoApps/sensor-monitor/.cache/sketch/sketch/sketch.ino.cpp.o
                0x0000000000002660                void RPCServer::process_request<256u>(RPCRequest<256u>&)
 .text._ZN7arduino7msgpack8Unpacker11deserializeINS0_4type9ArraySizeEJRiRjEEEbRT_DpOT0_
                0x000000000000278c       0xa0 /home/arduino/ArduinoApps/sensor-monitor/.cache/sketch/sketch/sketch.ino.cpp.o
                0x000000000000278c                bool arduino::msgpack::Unpacker::deserialize<arduino::msgpack::type::ArraySize, int&, unsigned int&>(arduino::msgpack::type::ArraySize&, int&, unsigned int&)
 .text._ZN10RpcDecoderILj1024EE12get_responseIbEEbjRT_R8RpcError
                0x000000000000282c      0x17c /home/arduino/ArduinoApps/sensor-monitor/.cache/sketch/sketch/sketch.ino.cpp.o
                0x000000000000282c                bool RpcDecoder<1024u>::get_response<bool>(unsigned int, bool&, RpcError&)
 .text._ZN10RpcDecoderILj1024EE12get_responseIN7arduino7msgpack6object5nil_tEEEbjRT_R8RpcError
                0x00000000000029a8      0x17c /home/arduino/ArduinoApps/sensor-monitor/.cache/sketch/sketch/sketch.ino.cpp.o
                0x00000000000029a8                bool RpcDecoder<1024u>::get_response<arduino::msgpack::object::nil_t>(unsigned int, arduino::msgpack::object::nil_t&, RpcError&)
 .text._ZNSt11__copy_moveILb0ELb1ESt26random_access_iterator_tagE8__copy_mIhEEPT_PKS3_S6_S4_
                0x0000000000002b24       0x1c /home/arduino/ArduinoApps/sensor-monitor/.cache/sketch/sketch/sketch.ino.cpp.o
                0x0000000000002b24                unsigned char* std::__copy_move<false, true, std::random_access_iterator_tag>::__copy_m<unsigned char>(unsigned char const*, unsigned char const*, unsigned char*)
 .text._ZNSt11__copy_moveILb1ELb1ESt26random_access_iterator_tagE8__copy_mIhEEPT_PKS3_S6_S4_
                0x0000000000002b40       0x1c /home/arduino/ArduinoApps/sensor-monitor/.cache/sketch/sketch/sketch.ino.cpp.o
                0x0000000000002b40                unsigned char* std::__copy_move<true, true, std::random_access_iterator_tag>::__copy_m<unsigned char>(unsigned char const*, unsigned char const*, unsigned char*)
 .text._ZN7arduino7msgpack6object3extC2EaPKhj
                0x0000000000002b5c      0x104 /home/arduino/ArduinoApps/sensor-monitor/.cache/sketch/sketch/sketch.ino.cpp.o
                0x0000000000002b5c                arduino::msgpack::object::ext::ext(signed char, unsigned char const*, unsigned int)
                0x0000000000002b5c                arduino::msgpack::object::ext::ext(signed char, unsigned char const*, unsigned int)
 .text._ZN7arduino7msgpack8Unpacker9unpackExtEv
                0x0000000000002c60      0x178 /home/arduino/ArduinoApps/sensor-monitor/.cache/sketch/sketch/sketch.ino.cpp.o
                0x0000000000002c60                arduino::msgpack::Unpacker::unpackExt()
 .text._ZN8RpcUtils6detail12unpackObjectERN7arduino7msgpack8UnpackerE
                0x0000000000002dd8      0x2b4 /home/arduino/ArduinoApps/sensor-monitor/.cache/sketch/sketch/sketch.ino.cpp.o
                0x0000000000002dd8                RpcUtils::detail::unpackObject(arduino::msgpack::Unpacker&)
 .text._ZN10RpcDecoderILj1024EE12parse_packetEv
                0x000000000000308c      0x134 /home/arduino/ArduinoApps/sensor-monitor/.cache/sketch/sketch/sketch.ino.cpp.o
                0x000000000000308c                RpcDecoder<1024u>::parse_packet()
 .text._ZN10RpcDecoderILj1024EE6decodeEv
                0x00000000000031c0       0x40 /home/arduino/ArduinoApps/sensor-monitor/.cache/sketch/sketch/sketch.ino.cpp.o
                0x00000000000031c0                RpcDecoder<1024u>::decode()
 .text._ZN9RPCServer7get_rpcILj256EEEbR10RPCRequestIXT_EEN7arduino6StringE
                0x0000000000003200       0xc4 /home/arduino/ArduinoApps/sensor-monitor/.cache/sketch/sketch/sketch.ino.cpp.o
                0x0000000000003200                bool RPCServer::get_rpc<256u>(RPCRequest<256u>&, arduino::String)
 .text._ZN11BridgeClass11update_safeEv
                0x00000000000032c4       0xb0 /home/arduino/ArduinoApps/sensor-monitor/.cache/sketch/sketch/sketch.ino.cpp.o
                0x00000000000032c4                BridgeClass::update_safe()
 .text._Z10__loopHookv
                0x0000000000003374       0x28 /home/arduino/ArduinoApps/sensor-monitor/.cache/sketch/sketch/sketch.ino.cpp.o
                0x0000000000003374                __loopHook()
 .text._ZN11BridgeClass6updateEv
                0x000000000000339c       0xb0 /home/arduino/ArduinoApps/sensor-monitor/.cache/sketch/sketch/sketch.ino.cpp.o
                0x000000000000339c                BridgeClass::update()
 .text._Z16updateEntryPointPvS_S_
                0x000000000000344c       0x28 /home/arduino/ArduinoApps/sensor-monitor/.cache/sketch/sketch/sketch.ino.cpp.o
                0x000000000000344c                updateEntryPoint(void*, void*, void*)
 .text._ZN7RpcCallIJEE6resultIbEEbRT_
                0x0000000000003474      0x130 /home/arduino/ArduinoApps/sensor-monitor/.cache/sketch/sketch/sketch.ino.cpp.o
                0x0000000000003474                bool RpcCall<>::result<bool>(bool&)
 .text._ZN8RpcUtils6detail9unpackMapERN7arduino7msgpack8UnpackerERj
                0x00000000000035a4       0x80 /home/arduino/ArduinoApps/sensor-monitor/.cache/sketch/sketch/sketch.ino.cpp.o
                0x00000000000035a4                RpcUtils::detail::unpackMap(arduino::msgpack::Unpacker&, unsigned int&)
 .text._GLOBAL__sub_I_thermo
                0x0000000000003624       0xe8 /home/arduino/ArduinoApps/sensor-monitor/.cache/sketch/sketch/sketch.ino.cpp.o
 .text._GLOBAL__sub_D_thermo
                0x000000000000370c       0x2c /home/arduino/ArduinoApps/sensor-monitor/.cache/sketch/sketch/sketch.ino.cpp.o
 .text.setup    0x0000000000003738      0x5f0 /home/arduino/ArduinoApps/sensor-monitor/.cache/sketch/sketch/sketch.ino.cpp.o
                0x0000000000003738                setup
 .text._ZN7arduino5Print17availableForWriteEv
                0x0000000000003d28        0x4 /home/arduino/ArduinoApps/sensor-monitor/.cache/sketch/libraries/Wire/Wire.cpp.o
                0x0000000000003d28                arduino::Print::availableForWrite()
 .text._ZN7arduino9ZephyrI2C5writeEi
                0x0000000000003d2c        0x8 /home/arduino/ArduinoApps/sensor-monitor/.cache/sketch/libraries/Wire/Wire.cpp.o
                0x0000000000003d2c                arduino::ZephyrI2C::write(int)
 .text._ZN7arduino9ZephyrI2C5beginEv
                0x0000000000003d34        0x8 /home/arduino/ArduinoApps/sensor-monitor/.cache/sketch/libraries/Wire/Wire.cpp.o
                0x0000000000003d34                arduino::ZephyrI2C::begin()
 .text._ZN7arduino9ZephyrI2C15endTransmissionEv
                0x0000000000003d3c        0x8 /home/arduino/ArduinoApps/sensor-monitor/.cache/sketch/libraries/Wire/Wire.cpp.o
                0x0000000000003d3c                arduino::ZephyrI2C::endTransmission()
 .text._ZN7arduino9ZephyrI2C11requestFromEhj
                0x0000000000003d44       0x10 /home/arduino/ArduinoApps/sensor-monitor/.cache/sketch/libraries/Wire/Wire.cpp.o
                0x0000000000003d44                arduino::ZephyrI2C::requestFrom(unsigned char, unsigned int)
 .text._ZN7arduino9ZephyrI2C9availableEv
                0x0000000000003d54        0xe /home/arduino/ArduinoApps/sensor-monitor/.cache/sketch/libraries/Wire/Wire.cpp.o
                0x0000000000003d54                arduino::ZephyrI2C::available()
 .text._ZN7arduino9ZephyrI2C5flushEv
                0x0000000000003d62        0x2 /home/arduino/ArduinoApps/sensor-monitor/.cache/sketch/libraries/Wire/Wire.cpp.o
                0x0000000000003d62                arduino::ZephyrI2C::flush()
 .text._ZN7arduino9ZephyrI2C9onReceiveEPFviE
                0x0000000000003d64        0x6 /home/arduino/ArduinoApps/sensor-monitor/.cache/sketch/libraries/Wire/Wire.cpp.o
                0x0000000000003d64                arduino::ZephyrI2C::onReceive(void (*)(int))
 .text._ZN7arduino9ZephyrI2C9onRequestEPFvvE
                0x0000000000003d6a        0x6 /home/arduino/ArduinoApps/sensor-monitor/.cache/sketch/libraries/Wire/Wire.cpp.o
                0x0000000000003d6a                arduino::ZephyrI2C::onRequest(void (*)())
 .text._ZN7arduino9ZephyrI2C5writeEh
                0x0000000000003d70       0x1c /home/arduino/ArduinoApps/sensor-monitor/.cache/sketch/libraries/Wire/Wire.cpp.o
                0x0000000000003d70                arduino::ZephyrI2C::write(unsigned char)
 .text._ZN7arduino9ZephyrI2C5writeEPKhj
                0x0000000000003d8c        0xc /home/arduino/ArduinoApps/sensor-monitor/.cache/sketch/libraries/Wire/Wire.cpp.o
                0x0000000000003d8c                arduino::ZephyrI2C::write(unsigned char const*, unsigned int)
 .text._ZN7arduino9ZephyrI2C4readEv
                0x0000000000003d98       0x28 /home/arduino/ArduinoApps/sensor-monitor/.cache/sketch/libraries/Wire/Wire.cpp.o
                0x0000000000003d98                arduino::ZephyrI2C::read()
 .text._ZL28i2c_target_read_processed_cbP17i2c_target_configPh
                0x0000000000003dc0       0x18 /home/arduino/ArduinoApps/sensor-monitor/.cache/sketch/libraries/Wire/Wire.cpp.o
 .text._ZN7arduino9ZephyrI2C4peekEv
                0x0000000000003dd8       0x28 /home/arduino/ArduinoApps/sensor-monitor/.cache/sketch/libraries/Wire/Wire.cpp.o
                0x0000000000003dd8                arduino::ZephyrI2C::peek()
 .text._ZN7arduino9ZephyrI2C3endEv
                0x0000000000003e00       0x32 /home/arduino/ArduinoApps/sensor-monitor/.cache/sketch/libraries/Wire/Wire.cpp.o
                0x0000000000003e00                arduino::ZephyrI2C::end()
 *fill*         0x0000000000003e32        0x2 
 .text._ZN7arduino9ZephyrI2C5beginEh
                0x0000000000003e34       0x20 /home/arduino/ArduinoApps/sensor-monitor/.cache/sketch/libraries/Wire/Wire.cpp.o
                0x0000000000003e34                arduino::ZephyrI2C::begin(unsigned char)
 .text._ZN7arduino9ZephyrI2C8setClockEj
                0x0000000000003e54       0x3c /home/arduino/ArduinoApps/sensor-monitor/.cache/sketch/libraries/Wire/Wire.cpp.o
                0x0000000000003e54                arduino::ZephyrI2C::setClock(unsigned int)
 .text._ZN7arduino9ZephyrI2C11requestFromEhjb
                0x0000000000003e90       0x88 /home/arduino/ArduinoApps/sensor-monitor/.cache/sketch/libraries/Wire/Wire.cpp.o
                0x0000000000003e90                arduino::ZephyrI2C::requestFrom(unsigned char, unsigned int, bool)
 .text._ZN7arduino9ZephyrI2C15endTransmissionEb
                0x0000000000003f18       0x74 /home/arduino/ArduinoApps/sensor-monitor/.cache/sketch/libraries/Wire/Wire.cpp.o
                0x0000000000003f18                arduino::ZephyrI2C::endTransmission(bool)
 .text._ZL29i2c_target_write_requested_cbP17i2c_target_config
                0x0000000000003f8c        0xe /home/arduino/ArduinoApps/sensor-monitor/.cache/sketch/libraries/Wire/Wire.cpp.o
 .text._ZN7arduino9ZephyrI2C17beginTransmissionEh
                0x0000000000003f9a       0x14 /home/arduino/ArduinoApps/sensor-monitor/.cache/sketch/libraries/Wire/Wire.cpp.o
                0x0000000000003f9a                arduino::ZephyrI2C::beginTransmission(unsigned char)
 *fill*         0x0000000000003fae        0x2 
 .text._ZN7arduino9ZephyrI2CC2EPK6device
                0x0000000000003fb0       0x4c /home/arduino/ArduinoApps/sensor-monitor/.cache/sketch/libraries/Wire/Wire.cpp.o
                0x0000000000003fb0                arduino::ZephyrI2C::ZephyrI2C(device const*)
                0x0000000000003fb0                arduino::ZephyrI2C::ZephyrI2C(device const*)
 .text._ZN7arduino9ZephyrI2C21writeReceivedCallbackEP17i2c_target_configh
                0x0000000000003ffc       0x44 /home/arduino/ArduinoApps/sensor-monitor/.cache/sketch/libraries/Wire/Wire.cpp.o
                0x0000000000003ffc                arduino::ZephyrI2C::writeReceivedCallback(i2c_target_config*, unsigned char)
 .text._ZL28i2c_target_write_received_cbP17i2c_target_configh
                0x0000000000004040       0x10 /home/arduino/ArduinoApps/sensor-monitor/.cache/sketch/libraries/Wire/Wire.cpp.o
 .text._ZN7arduino9ZephyrI2C21readRequestedCallbackEP17i2c_target_configPh
                0x0000000000004050       0x30 /home/arduino/ArduinoApps/sensor-monitor/.cache/sketch/libraries/Wire/Wire.cpp.o
                0x0000000000004050                arduino::ZephyrI2C::readRequestedCallback(i2c_target_config*, unsigned char*)
 .text._ZL28i2c_target_read_requested_cbP17i2c_target_configPh
                0x0000000000004080       0x10 /home/arduino/ArduinoApps/sensor-monitor/.cache/sketch/libraries/Wire/Wire.cpp.o
 .text._ZN7arduino9ZephyrI2C12stopCallbackEP17i2c_target_config
                0x0000000000004090       0x1c /home/arduino/ArduinoApps/sensor-monitor/.cache/sketch/libraries/Wire/Wire.cpp.o
                0x0000000000004090                arduino::ZephyrI2C::stopCallback(i2c_target_config*)
 .text._ZL18i2c_target_stop_cbP17i2c_target_config
                0x00000000000040ac        0xc /home/arduino/ArduinoApps/sensor-monitor/.cache/sketch/libraries/Wire/Wire.cpp.o
 .text._GLOBAL__sub_I__ZN7arduino9ZephyrI2CC2EPK6device
                0x00000000000040b8       0x94 /home/arduino/ArduinoApps/sensor-monitor/.cache/sketch/libraries/Wire/Wire.cpp.o
 .text._GLOBAL__sub_D__ZN7arduino9ZephyrI2CC2EPK6device
                0x000000000000414c       0x2c /home/arduino/ArduinoApps/sensor-monitor/.cache/sketch/libraries/Wire/Wire.cpp.o
 .text._ZN7arduino9ZephyrSPI14usingInterruptEi
                0x0000000000004178        0x2 /home/arduino/ArduinoApps/sensor-monitor/.cache/sketch/libraries/SPI/SPI.cpp.o
                0x0000000000004178                arduino::ZephyrSPI::notUsingInterrupt(int)
                0x0000000000004178                arduino::ZephyrSPI::usingInterrupt(int)
 .text._ZN7arduino9ZephyrSPI15attachInterruptEv
                0x000000000000417a        0x2 /home/arduino/ArduinoApps/sensor-monitor/.cache/sketch/libraries/SPI/SPI.cpp.o
                0x000000000000417a                arduino::ZephyrSPI::attachInterrupt()
                0x000000000000417a                arduino::ZephyrSPI::detachInterrupt()
 .text._ZN7arduino9ZephyrSPI5beginEv
                0x000000000000417c        0x6 /home/arduino/ArduinoApps/sensor-monitor/.cache/sketch/libraries/SPI/SPI.cpp.o
                0x000000000000417c                arduino::ZephyrSPI::begin()
 .text._ZN7arduino9ZephyrSPI3endEv
                0x0000000000004182        0xa /home/arduino/ArduinoApps/sensor-monitor/.cache/sketch/libraries/SPI/SPI.cpp.o
                0x0000000000004182                arduino::ZephyrSPI::end()
 .text._ZN7arduino9ZephyrSPID2Ev
                0x000000000000418c        0x2 /home/arduino/ArduinoApps/sensor-monitor/.cache/sketch/libraries/SPI/SPI.cpp.o
                0x000000000000418c                arduino::ZephyrSPI::~ZephyrSPI()
                0x000000000000418c                arduino::ZephyrSPI::~ZephyrSPI()
 *fill*         0x000000000000418e        0x2 
 .text._ZN7arduino9ZephyrSPID0Ev
                0x0000000000004190       0x14 /home/arduino/ArduinoApps/sensor-monitor/.cache/sketch/libraries/SPI/SPI.cpp.o
                0x0000000000004190                arduino::ZephyrSPI::~ZephyrSPI()
 .text._ZN7arduino9ZephyrSPI16beginTransactionENS_11SPISettingsE
                0x00000000000041a4       0x80 /home/arduino/ArduinoApps/sensor-monitor/.cache/sketch/libraries/SPI/SPI.cpp.o
                0x00000000000041a4                arduino::ZephyrSPI::beginTransaction(arduino::SPISettings)
 .text._ZN7arduino9ZephyrSPI14endTransactionEv
                0x0000000000004224        0xc /home/arduino/ArduinoApps/sensor-monitor/.cache/sketch/libraries/SPI/SPI.cpp.o
                0x0000000000004224                arduino::ZephyrSPI::endTransaction()
 .text._ZN7arduino9ZephyrSPI8transferEPvjPK10spi_config
                0x0000000000004230       0x2e /home/arduino/ArduinoApps/sensor-monitor/.cache/sketch/libraries/SPI/SPI.cpp.o
                0x0000000000004230                arduino::ZephyrSPI::transfer(void*, unsigned int, spi_config const*)
 *fill*         0x000000000000425e        0x2 
 .text._ZN7arduino9ZephyrSPI8transferEh
                0x0000000000004260       0x28 /home/arduino/ArduinoApps/sensor-monitor/.cache/sketch/libraries/SPI/SPI.cpp.o
                0x0000000000004260                arduino::ZephyrSPI::transfer(unsigned char)
 .text._ZN7arduino9ZephyrSPI10transfer16Et
                0x0000000000004288       0x28 /home/arduino/ArduinoApps/sensor-monitor/.cache/sketch/libraries/SPI/SPI.cpp.o
                0x0000000000004288                arduino::ZephyrSPI::transfer16(unsigned short)
 .text._ZN7arduino9ZephyrSPI8transferEPvj
                0x00000000000042b0       0x14 /home/arduino/ArduinoApps/sensor-monitor/.cache/sketch/libraries/SPI/SPI.cpp.o
                0x00000000000042b0                arduino::ZephyrSPI::transfer(void*, unsigned int)
 .text._GLOBAL__sub_I__ZN7arduino9ZephyrSPIC2EPK6device
                0x00000000000042c4       0x94 /home/arduino/ArduinoApps/sensor-monitor/.cache/sketch/libraries/SPI/SPI.cpp.o
 .text._GLOBAL__sub_D__ZN7arduino9ZephyrSPIC2EPK6device
                0x0000000000004358       0x2c /home/arduino/ArduinoApps/sensor-monitor/.cache/sketch/libraries/SPI/SPI.cpp.o
 .text._ZN7arduino5Print5flushEv
                0x0000000000004384        0x2 /home/arduino/ArduinoApps/sensor-monitor/.cache/sketch/libraries/Arduino_RouterBridge/singletons.cpp.o
                0x0000000000004384                arduino::Print::flush()
 .text._ZN13BridgeMonitorILj512EE5writeEh
                0x0000000000004386       0x18 /home/arduino/ArduinoApps/sensor-monitor/.cache/sketch/libraries/Arduino_RouterBridge/singletons.cpp.o
                0x0000000000004386                BridgeMonitor<512u>::write(unsigned char)
 *fill*         0x000000000000439e        0x2 
 .text.k_yield  0x00000000000043a0        0x8 /home/arduino/ArduinoApps/sensor-monitor/.cache/sketch/libraries/Arduino_RouterBridge/singletons.cpp.o
 .text.k_mutex_lock
                0x00000000000043a8        0x8 /home/arduino/ArduinoApps/sensor-monitor/.cache/sketch/libraries/Arduino_RouterBridge/singletons.cpp.o
 .text._ZSt14__relocate_a_1IhhENSt9enable_ifIXsrSt24__is_bitwise_relocatableIT_vE5valueEPS2_E4typeES4_S4_S4_RSaIT0_E.isra.0
                0x00000000000043b0       0x20 /home/arduino/ArduinoApps/sensor-monitor/.cache/sketch/libraries/Arduino_RouterBridge/singletons.cpp.o
 .text._ZNSt12_Vector_baseIhSaIhEE11_M_allocateEj.isra.0
                0x00000000000043d0       0x20 /home/arduino/ArduinoApps/sensor-monitor/.cache/sketch/libraries/Arduino_RouterBridge/singletons.cpp.o
 .text.k_mutex_unlock.isra.0
                0x00000000000043f0        0x8 /home/arduino/ArduinoApps/sensor-monitor/.cache/sketch/libraries/Arduino_RouterBridge/singletons.cpp.o
 .text._ZN7RpcCallIJRN7arduino6StringEEE7isErrorEv.isra.0
                0x00000000000043f8       0x28 /home/arduino/ArduinoApps/sensor-monitor/.cache/sketch/libraries/Arduino_RouterBridge/singletons.cpp.o
 .text._ZN13BridgeMonitorILj512EE4readEv
                0x0000000000004420       0x68 /home/arduino/ArduinoApps/sensor-monitor/.cache/sketch/libraries/Arduino_RouterBridge/singletons.cpp.o
                0x0000000000004420                BridgeMonitor<512u>::read()
 .text._ZN13BridgeMonitorILj512EE4peekEv
                0x0000000000004488       0x44 /home/arduino/ArduinoApps/sensor-monitor/.cache/sketch/libraries/Arduino_RouterBridge/singletons.cpp.o
                0x0000000000004488                BridgeMonitor<512u>::peek()
 .text.k_msleep.constprop.0.isra.0
                0x00000000000044cc        0xc /home/arduino/ArduinoApps/sensor-monitor/.cache/sketch/libraries/Arduino_RouterBridge/singletons.cpp.o
 .text._ZNSt6vectorIhSaIhEE14_M_move_assignEOS1_St17integral_constantIbLb1EE.isra.0
                0x00000000000044d8       0x34 /home/arduino/ArduinoApps/sensor-monitor/.cache/sketch/libraries/Arduino_RouterBridge/singletons.cpp.o
 .text._ZNSt6vectorIhSaIhEE12emplace_backIJRKhEEERhDpOT_.isra.0
                0x000000000000450c       0x90 /home/arduino/ArduinoApps/sensor-monitor/.cache/sketch/libraries/Arduino_RouterBridge/singletons.cpp.o
 .text._ZNSt6vectorIhSaIhEE12emplace_backIJhEEERhDpOT_.isra.0
                0x000000000000459c       0x90 /home/arduino/ArduinoApps/sensor-monitor/.cache/sketch/libraries/Arduino_RouterBridge/singletons.cpp.o
 .text._ZN7arduino7msgpack8Unpacker11deserializeISt6vectorIhSaIhEEJEEEbRT_DpOT0_
                0x000000000000462c      0x13c /home/arduino/ArduinoApps/sensor-monitor/.cache/sketch/libraries/Arduino_RouterBridge/singletons.cpp.o
                0x000000000000462c                bool arduino::msgpack::Unpacker::deserialize<std::vector<unsigned char, std::allocator<unsigned char> >>(std::vector<unsigned char, std::allocator<unsigned char> >&)
 .text._ZN7arduino7msgpack6Packer11packRawByteERKNS0_4TypeE.isra.0
                0x0000000000004768       0x18 /home/arduino/ArduinoApps/sensor-monitor/.cache/sketch/libraries/Arduino_RouterBridge/singletons.cpp.o
 .text._ZNSt6vectorIhSaIhEE12emplace_backIJRhEEES3_DpOT_.isra.0
                0x0000000000004780       0x90 /home/arduino/ArduinoApps/sensor-monitor/.cache/sketch/libraries/Arduino_RouterBridge/singletons.cpp.o
 .text._ZN7arduino7msgpack6Packer11packIntegerIjEENSt9enable_ifIXaaaaaasrSt13is_arithmeticIT_E5valuesrSt11is_integralIS5_E5valuentsrSt7is_sameIS5_bE5valuentsrS9_INSt9remove_cvIS5_E4typeEPcE5valueEvE4typeERKS5_.isra.0
                0x0000000000004810       0x50 /home/arduino/ArduinoApps/sensor-monitor/.cache/sketch/libraries/Arduino_RouterBridge/singletons.cpp.o
 .text._ZN7arduino7msgpack6Packer11packIntegerIiEENSt9enable_ifIXaaaaaasrSt13is_arithmeticIT_E5valuesrSt11is_integralIS5_E5valuentsrSt7is_sameIS5_bE5valuentsrS9_INSt9remove_cvIS5_E4typeEPcE5valueEvE4typeERKS5_.isra.0
                0x0000000000004860       0xb8 /home/arduino/ArduinoApps/sensor-monitor/.cache/sketch/libraries/Arduino_RouterBridge/singletons.cpp.o
 .text._ZN9RPCClient8send_rpcIJRKN7arduino6StringEEEEbS4_RjDpOT_.isra.0
                0x0000000000004918       0x90 /home/arduino/ArduinoApps/sensor-monitor/.cache/sketch/libraries/Arduino_RouterBridge/singletons.cpp.o
 .text._ZN9RPCClient8send_rpcIJRKjEEEbRKN7arduino6StringERjDpOT_.isra.0
                0x00000000000049a8       0x94 /home/arduino/ArduinoApps/sensor-monitor/.cache/sketch/libraries/Arduino_RouterBridge/singletons.cpp.o
 .text._ZN7arduino7msgpack8Unpacker11deserializeIjJEEEbRT_DpOT0_
                0x0000000000004a3c       0x40 /home/arduino/ArduinoApps/sensor-monitor/.cache/sketch/libraries/Arduino_RouterBridge/singletons.cpp.o
                0x0000000000004a3c                bool arduino::msgpack::Unpacker::deserialize<unsigned int>(unsigned int&)
 .text._ZN9RPCClient12get_responseIN7arduino7msgpack6object5nil_tEEEbjRT_R8RpcError
                0x0000000000004a7c       0x40 /home/arduino/ArduinoApps/sensor-monitor/.cache/sketch/libraries/Arduino_RouterBridge/singletons.cpp.o
                0x0000000000004a7c                bool RPCClient::get_response<arduino::msgpack::object::nil_t>(unsigned int, arduino::msgpack::object::nil_t&, RpcError&)
 .text._ZN11BridgeClass6notifyIJRN7arduino6StringEEEEvS2_DpOT_
                0x0000000000004abc       0xac /home/arduino/ArduinoApps/sensor-monitor/.cache/sketch/libraries/Arduino_RouterBridge/singletons.cpp.o
                0x0000000000004abc                void BridgeClass::notify<arduino::String&>(arduino::String, arduino::String&)
 .text._ZN7RpcCallIJRN7arduino6StringEEE8setErrorEiS1_
                0x0000000000004b68       0x40 /home/arduino/ArduinoApps/sensor-monitor/.cache/sketch/libraries/Arduino_RouterBridge/singletons.cpp.o
                0x0000000000004b68                RpcCall<arduino::String&>::setError(int, arduino::String)
 .text._ZN10RpcDecoderILj1024EE12get_responseIjEEbjRT_R8RpcError
                0x0000000000004ba8      0x17c /home/arduino/ArduinoApps/sensor-monitor/.cache/sketch/libraries/Arduino_RouterBridge/singletons.cpp.o
                0x0000000000004ba8                bool RpcDecoder<1024u>::get_response<unsigned int>(unsigned int, unsigned int&, RpcError&)
 .text._ZN13BridgeMonitorILj512EE5writeEPKhj
                0x0000000000004d24      0x2b4 /home/arduino/ArduinoApps/sensor-monitor/.cache/sketch/libraries/Arduino_RouterBridge/singletons.cpp.o
                0x0000000000004d24                BridgeMonitor<512u>::write(unsigned char const*, unsigned int)
 .text._ZN7RpcCallIJRjEE8setErrorEiN7arduino6StringE
                0x0000000000004fd8       0x40 /home/arduino/ArduinoApps/sensor-monitor/.cache/sketch/libraries/Arduino_RouterBridge/singletons.cpp.o
                0x0000000000004fd8                RpcCall<unsigned int&>::setError(int, arduino::String)
 .text._ZN7RpcCallIJRjEE7isErrorEv
                0x0000000000005018       0x34 /home/arduino/ArduinoApps/sensor-monitor/.cache/sketch/libraries/Arduino_RouterBridge/singletons.cpp.o
                0x0000000000005018                RpcCall<unsigned int&>::isError()
 .text._ZN10RpcDecoderILj1024EE12get_responseISt6vectorIhSaIhEEEEbjRT_R8RpcError
                0x000000000000504c      0x17c /home/arduino/ArduinoApps/sensor-monitor/.cache/sketch/libraries/Arduino_RouterBridge/singletons.cpp.o
                0x000000000000504c                bool RpcDecoder<1024u>::get_response<std::vector<unsigned char, std::allocator<unsigned char> > >(unsigned int, std::vector<unsigned char, std::allocator<unsigned char> >&, RpcError&)
 .text._ZN7RpcCallIJRjEE6resultISt6vectorIhSaIhEEEEbRT_
                0x00000000000051c8      0x134 /home/arduino/ArduinoApps/sensor-monitor/.cache/sketch/libraries/Arduino_RouterBridge/singletons.cpp.o
                0x00000000000051c8                bool RpcCall<unsigned int&>::result<std::vector<unsigned char, std::allocator<unsigned char> > >(std::vector<unsigned char, std::allocator<unsigned char> >&)
 .text._ZN13BridgeMonitorILj512EE5_readEj
                0x00000000000052fc      0x1f8 /home/arduino/ArduinoApps/sensor-monitor/.cache/sketch/libraries/Arduino_RouterBridge/singletons.cpp.o
                0x00000000000052fc                BridgeMonitor<512u>::_read(unsigned int)
 .text._ZN13BridgeMonitorILj512EE9availableEv
                0x00000000000054f4       0x44 /home/arduino/ArduinoApps/sensor-monitor/.cache/sketch/libraries/Arduino_RouterBridge/singletons.cpp.o
                0x00000000000054f4                BridgeMonitor<512u>::available()
 .text._GLOBAL__sub_I_Bridge
                0x0000000000005538       0xf0 /home/arduino/ArduinoApps/sensor-monitor/.cache/sketch/libraries/Arduino_RouterBridge/singletons.cpp.o
 .text._GLOBAL__sub_D_Bridge
                0x0000000000005628       0x2c /home/arduino/ArduinoApps/sensor-monitor/.cache/sketch/libraries/Arduino_RouterBridge/singletons.cpp.o
 .text._Z21__increaseI2CPriorityv
                0x0000000000005654        0x2 /home/arduino/ArduinoApps/sensor-monitor/.cache/sketch/libraries/Arduino_Modulino/Modulino.cpp.o
                0x0000000000005654                __increaseI2CPriority()
 *fill*         0x0000000000005656        0x2 
 .text._ZN15ModulinoHubPort6selectEv
                0x0000000000005658       0x30 /home/arduino/ArduinoApps/sensor-monitor/.cache/sketch/libraries/Arduino_Modulino/Modulino.cpp.o
                0x0000000000005658                ModulinoHubPort::select()
 .text._ZN15ModulinoHubPort5clearEv
                0x0000000000005688       0x2c /home/arduino/ArduinoApps/sensor-monitor/.cache/sketch/libraries/Arduino_Modulino/Modulino.cpp.o
                0x0000000000005688                ModulinoHubPort::clear()
 .text._GLOBAL__sub_I_Modulino
                0x00000000000056b4       0xc8 /home/arduino/ArduinoApps/sensor-monitor/.cache/sketch/libraries/Arduino_Modulino/Modulino.cpp.o
 .text._GLOBAL__sub_D_Modulino
                0x000000000000577c       0x2c /home/arduino/ArduinoApps/sensor-monitor/.cache/sketch/libraries/Arduino_Modulino/Modulino.cpp.o
 .text._ZN8VL53L4CD6WaitMsEj
                0x00000000000057a8       0x10 /home/arduino/ArduinoApps/sensor-monitor/.cache/sketch/libraries/STM32duino VL53L4CD/platform.cpp.o
                0x00000000000057a8                VL53L4CD::WaitMs(unsigned int)
 .text._ZN8VL53L4CD16VL53L4CD_I2CReadEhtPhj
                0x00000000000057b8       0xa2 /home/arduino/ArduinoApps/sensor-monitor/.cache/sketch/libraries/STM32duino VL53L4CD/platform.cpp.o
                0x00000000000057b8                VL53L4CD::VL53L4CD_I2CRead(unsigned char, unsigned short, unsigned char*, unsigned int)
 *fill*         0x000000000000585a        0x2 
 .text._ZN8VL53L4CD16VL53L4CD_RdDWordEttPj
                0x000000000000585c       0x28 /home/arduino/ArduinoApps/sensor-monitor/.cache/sketch/libraries/STM32duino VL53L4CD/platform.cpp.o
                0x000000000000585c                VL53L4CD::VL53L4CD_RdDWord(unsigned short, unsigned short, unsigned int*)
 .text._ZN8VL53L4CD15VL53L4CD_RdWordEttPt
                0x0000000000005884       0x2c /home/arduino/ArduinoApps/sensor-monitor/.cache/sketch/libraries/STM32duino VL53L4CD/platform.cpp.o
                0x0000000000005884                VL53L4CD::VL53L4CD_RdWord(unsigned short, unsigned short, unsigned short*)
 .text._ZN8VL53L4CD15VL53L4CD_RdByteEttPh
                0x00000000000058b0       0x14 /home/arduino/ArduinoApps/sensor-monitor/.cache/sketch/libraries/STM32duino VL53L4CD/platform.cpp.o
                0x00000000000058b0                VL53L4CD::VL53L4CD_RdByte(unsigned short, unsigned short, unsigned char*)
 .text._ZN8VL53L4CD17VL53L4CD_I2CWriteEhtPhj
                0x00000000000058c4       0x74 /home/arduino/ArduinoApps/sensor-monitor/.cache/sketch/libraries/STM32duino VL53L4CD/platform.cpp.o
                0x00000000000058c4                VL53L4CD::VL53L4CD_I2CWrite(unsigned char, unsigned short, unsigned char*, unsigned int)
 .text._ZN8VL53L4CD15VL53L4CD_WrByteEtth
                0x0000000000005938       0x1c /home/arduino/ArduinoApps/sensor-monitor/.cache/sketch/libraries/STM32duino VL53L4CD/platform.cpp.o
                0x0000000000005938                VL53L4CD::VL53L4CD_WrByte(unsigned short, unsigned short, unsigned char)
 .text._ZN8VL53L4CD15VL53L4CD_WrWordEttt
                0x0000000000005954       0x1c /home/arduino/ArduinoApps/sensor-monitor/.cache/sketch/libraries/STM32duino VL53L4CD/platform.cpp.o
                0x0000000000005954                VL53L4CD::VL53L4CD_WrWord(unsigned short, unsigned short, unsigned short)
 .text._ZN8VL53L4CD16VL53L4CD_WrDWordEttj
                0x0000000000005970       0x1c /home/arduino/ArduinoApps/sensor-monitor/.cache/sketch/libraries/STM32duino VL53L4CD/platform.cpp.o
                0x0000000000005970                VL53L4CD::VL53L4CD_WrDWord(unsigned short, unsigned short, unsigned int)
 .text._GLOBAL__sub_I__ZN8VL53L4CD16VL53L4CD_RdDWordEttPj
                0x000000000000598c       0x64 /home/arduino/ArduinoApps/sensor-monitor/.cache/sketch/libraries/STM32duino VL53L4CD/platform.cpp.o
 .text._GLOBAL__sub_D__ZN8VL53L4CD16VL53L4CD_RdDWordEttPj
                0x00000000000059f0       0x2c /home/arduino/ArduinoApps/sensor-monitor/.cache/sketch/libraries/STM32duino VL53L4CD/platform.cpp.o
 .text._ZN8VL53L4CD22VL53L4CD_SetI2CAddressEh
                0x0000000000005a1c       0x18 /home/arduino/ArduinoApps/sensor-monitor/.cache/sketch/libraries/STM32duino VL53L4CD/vl53l4cd_api.cpp.o
                0x0000000000005a1c                VL53L4CD::VL53L4CD_SetI2CAddress(unsigned char)
 .text._ZN8VL53L4CD20VL53L4CD_GetSensorIdEPt
                0x0000000000005a34       0x18 /home/arduino/ArduinoApps/sensor-monitor/.cache/sketch/libraries/STM32duino VL53L4CD/vl53l4cd_api.cpp.o
                0x0000000000005a34                VL53L4CD::VL53L4CD_GetSensorId(unsigned short*)
 .text._ZN8VL53L4CD23VL53L4CD_ClearInterruptEv
                0x0000000000005a4c       0x18 /home/arduino/ArduinoApps/sensor-monitor/.cache/sketch/libraries/STM32duino VL53L4CD/vl53l4cd_api.cpp.o
                0x0000000000005a4c                VL53L4CD::VL53L4CD_ClearInterrupt()
 .text._ZN8VL53L4CD20VL53L4CD_StopRangingEv
                0x0000000000005a64       0x18 /home/arduino/ArduinoApps/sensor-monitor/.cache/sketch/libraries/STM32duino VL53L4CD/vl53l4cd_api.cpp.o
                0x0000000000005a64                VL53L4CD::VL53L4CD_StopRanging()
 .text._ZN8VL53L4CD26VL53L4CD_CheckForDataReadyEPh
                0x0000000000005a7c       0x54 /home/arduino/ArduinoApps/sensor-monitor/.cache/sketch/libraries/STM32duino VL53L4CD/vl53l4cd_api.cpp.o
                0x0000000000005a7c                VL53L4CD::VL53L4CD_CheckForDataReady(unsigned char*)
 .text._ZN8VL53L4CD21VL53L4CD_StartRangingEv
                0x0000000000005ad0       0x84 /home/arduino/ArduinoApps/sensor-monitor/.cache/sketch/libraries/STM32duino VL53L4CD/vl53l4cd_api.cpp.o
                0x0000000000005ad0                VL53L4CD::VL53L4CD_StartRanging()
 .text._ZN8VL53L4CD23VL53L4CD_SetRangeTimingEjj
                0x0000000000005b54      0x14c /home/arduino/ArduinoApps/sensor-monitor/.cache/sketch/libraries/STM32duino VL53L4CD/vl53l4cd_api.cpp.o
                0x0000000000005b54                VL53L4CD::VL53L4CD_SetRangeTiming(unsigned int, unsigned int)
 .text._ZN8VL53L4CD19VL53L4CD_SensorInitEv
                0x0000000000005ca0      0x134 /home/arduino/ArduinoApps/sensor-monitor/.cache/sketch/libraries/STM32duino VL53L4CD/vl53l4cd_api.cpp.o
                0x0000000000005ca0                VL53L4CD::VL53L4CD_SensorInit()
 .text._GLOBAL__sub_I__ZN8VL53L4CD21VL53L4CD_GetSWVersionEP18VL53L4CD_Version_t
                0x0000000000005dd4       0x64 /home/arduino/ArduinoApps/sensor-monitor/.cache/sketch/libraries/STM32duino VL53L4CD/vl53l4cd_api.cpp.o
 .text._GLOBAL__sub_D__ZN8VL53L4CD21VL53L4CD_GetSWVersionEP18VL53L4CD_Version_t
                0x0000000000005e38       0x2c /home/arduino/ArduinoApps/sensor-monitor/.cache/sketch/libraries/STM32duino VL53L4CD/vl53l4cd_api.cpp.o
 .text._GLOBAL__sub_I__ZN8VL53L4CD24VL53L4CD_CalibrateOffsetEsPss
                0x0000000000005e64       0x64 /home/arduino/ArduinoApps/sensor-monitor/.cache/sketch/libraries/STM32duino VL53L4CD/vl53l4cd_calibration.cpp.o
 .text._GLOBAL__sub_D__ZN8VL53L4CD24VL53L4CD_CalibrateOffsetEsPss
                0x0000000000005ec8       0x2c /home/arduino/ArduinoApps/sensor-monitor/.cache/sketch/libraries/STM32duino VL53L4CD/vl53l4cd_calibration.cpp.o
 .text._ZN8VL53L4ED8_I2CReadEtPhj
                0x0000000000005ef4       0xa2 /home/arduino/ArduinoApps/sensor-monitor/.cache/sketch/libraries/STM32duino VL53L4ED/platform.cpp.o
                0x0000000000005ef4                VL53L4ED::_I2CRead(unsigned short, unsigned char*, unsigned int)
 .text._ZN8VL53L4ED9_I2CWriteEtPhj
                0x0000000000005f96       0x72 /home/arduino/ArduinoApps/sensor-monitor/.cache/sketch/libraries/STM32duino VL53L4ED/platform.cpp.o
                0x0000000000005f96                VL53L4ED::_I2CWrite(unsigned short, unsigned char*, unsigned int)
 .text._ZN8VL53L4ED15VL53L4ED_WrByteEth
                0x0000000000006008       0x18 /home/arduino/ArduinoApps/sensor-monitor/.cache/sketch/libraries/STM32duino VL53L4ED/platform.cpp.o
                0x0000000000006008                VL53L4ED::VL53L4ED_WrByte(unsigned short, unsigned char)
 .text._ZN8VL53L4ED15VL53L4ED_WrWordEtt
                0x0000000000006020       0x18 /home/arduino/ArduinoApps/sensor-monitor/.cache/sketch/libraries/STM32duino VL53L4ED/platform.cpp.o
                0x0000000000006020                VL53L4ED::VL53L4ED_WrWord(unsigned short, unsigned short)
 .text._ZN8VL53L4ED16VL53L4ED_WrDWordEtj
                0x0000000000006038       0x18 /home/arduino/ArduinoApps/sensor-monitor/.cache/sketch/libraries/STM32duino VL53L4ED/platform.cpp.o
                0x0000000000006038                VL53L4ED::VL53L4ED_WrDWord(unsigned short, unsigned int)
 .text._ZN8VL53L4ED15VL53L4ED_RdByteEtPh
                0x0000000000006050       0x10 /home/arduino/ArduinoApps/sensor-monitor/.cache/sketch/libraries/STM32duino VL53L4ED/platform.cpp.o
                0x0000000000006050                VL53L4ED::VL53L4ED_RdByte(unsigned short, unsigned char*)
 .text._ZN8VL53L4ED15VL53L4ED_RdWordEtPt
                0x0000000000006060       0x24 /home/arduino/ArduinoApps/sensor-monitor/.cache/sketch/libraries/STM32duino VL53L4ED/platform.cpp.o
                0x0000000000006060                VL53L4ED::VL53L4ED_RdWord(unsigned short, unsigned short*)
 .text._ZN8VL53L4ED16VL53L4ED_RdDWordEtPj
                0x0000000000006084       0x24 /home/arduino/ArduinoApps/sensor-monitor/.cache/sketch/libraries/STM32duino VL53L4ED/platform.cpp.o
                0x0000000000006084                VL53L4ED::VL53L4ED_RdDWord(unsigned short, unsigned int*)
 .text._ZN8VL53L4ED6WaitMsEj
                0x00000000000060a8       0x14 /home/arduino/ArduinoApps/sensor-monitor/.cache/sketch/libraries/STM32duino VL53L4ED/platform.cpp.o
                0x00000000000060a8                VL53L4ED::WaitMs(unsigned int)
 .text._GLOBAL__sub_I__ZN8VL53L4ED15VL53L4ED_WrByteEth
                0x00000000000060bc       0x64 /home/arduino/ArduinoApps/sensor-monitor/.cache/sketch/libraries/STM32duino VL53L4ED/platform.cpp.o
 .text._GLOBAL__sub_D__ZN8VL53L4ED15VL53L4ED_WrByteEth
                0x0000000000006120       0x2c /home/arduino/ArduinoApps/sensor-monitor/.cache/sketch/libraries/STM32duino VL53L4ED/platform.cpp.o
 .text._ZN8VL53L4ED22VL53L4ED_SetI2CAddressEh
                0x000000000000614c       0x18 /home/arduino/ArduinoApps/sensor-monitor/.cache/sketch/libraries/STM32duino VL53L4ED/vl53l4ed_api.cpp.o
                0x000000000000614c                VL53L4ED::VL53L4ED_SetI2CAddress(unsigned char)
 .text._ZN8VL53L4ED20VL53L4ED_GetSensorIdEPt
                0x0000000000006164       0x10 /home/arduino/ArduinoApps/sensor-monitor/.cache/sketch/libraries/STM32duino VL53L4ED/vl53l4ed_api.cpp.o
                0x0000000000006164                VL53L4ED::VL53L4ED_GetSensorId(unsigned short*)
 .text._ZN8VL53L4ED23VL53L4ED_ClearInterruptEv
                0x0000000000006174        0xc /home/arduino/ArduinoApps/sensor-monitor/.cache/sketch/libraries/STM32duino VL53L4ED/vl53l4ed_api.cpp.o
                0x0000000000006174                VL53L4ED::VL53L4ED_ClearInterrupt()
 .text._ZN8VL53L4ED21VL53L4ED_StartRangingEv
                0x0000000000006180       0x30 /home/arduino/ArduinoApps/sensor-monitor/.cache/sketch/libraries/STM32duino VL53L4ED/vl53l4ed_api.cpp.o
                0x0000000000006180                VL53L4ED::VL53L4ED_StartRanging()
 .text._ZN8VL53L4ED20VL53L4ED_StopRangingEv
                0x00000000000061b0        0xc /home/arduino/ArduinoApps/sensor-monitor/.cache/sketch/libraries/STM32duino VL53L4ED/vl53l4ed_api.cpp.o
                0x00000000000061b0                VL53L4ED::VL53L4ED_StopRanging()
 .text._ZN8VL53L4ED26VL53L4ED_CheckForDataReadyEPh
                0x00000000000061bc       0x50 /home/arduino/ArduinoApps/sensor-monitor/.cache/sketch/libraries/STM32duino VL53L4ED/vl53l4ed_api.cpp.o
                0x00000000000061bc                VL53L4ED::VL53L4ED_CheckForDataReady(unsigned char*)
 .text._ZN8VL53L4ED23VL53L4ED_SetRangeTimingEjj
                0x000000000000620c      0x13c /home/arduino/ArduinoApps/sensor-monitor/.cache/sketch/libraries/STM32duino VL53L4ED/vl53l4ed_api.cpp.o
                0x000000000000620c                VL53L4ED::VL53L4ED_SetRangeTiming(unsigned int, unsigned int)
 .text._ZN8VL53L4ED19VL53L4ED_SensorInitEv
                0x0000000000006348      0x128 /home/arduino/ArduinoApps/sensor-monitor/.cache/sketch/libraries/STM32duino VL53L4ED/vl53l4ed_api.cpp.o
                0x0000000000006348                VL53L4ED::VL53L4ED_SensorInit()
 .text._GLOBAL__sub_I__ZN8VL53L4ED21VL53L4ED_GetSWVersionEP18VL53L4ED_Version_t
                0x0000000000006470       0x64 /home/arduino/ArduinoApps/sensor-monitor/.cache/sketch/libraries/STM32duino VL53L4ED/vl53l4ed_api.cpp.o
 .text._GLOBAL__sub_D__ZN8VL53L4ED21VL53L4ED_GetSWVersionEP18VL53L4ED_Version_t
                0x00000000000064d4       0x2c /home/arduino/ArduinoApps/sensor-monitor/.cache/sketch/libraries/STM32duino VL53L4ED/vl53l4ed_api.cpp.o
 .text._GLOBAL__sub_I__ZN8VL53L4ED24VL53L4ED_CalibrateOffsetEsPss
                0x0000000000006500       0x64 /home/arduino/ArduinoApps/sensor-monitor/.cache/sketch/libraries/STM32duino VL53L4ED/vl53l4ed_calibration.cpp.o
 .text._GLOBAL__sub_D__ZN8VL53L4ED24VL53L4ED_CalibrateOffsetEsPss
                0x0000000000006564       0x2c /home/arduino/ArduinoApps/sensor-monitor/.cache/sketch/libraries/STM32duino VL53L4ED/vl53l4ed_calibration.cpp.o
 .text._ZN13LSM6DSOXClassC2ERN7arduino9ZephyrI2CEh
                0x0000000000006590       0x1c /home/arduino/ArduinoApps/sensor-monitor/.cache/sketch/libraries/Arduino_LSM6DSOX/LSM6DSOX.cpp.o
                0x0000000000006590                LSM6DSOXClass::LSM6DSOXClass(arduino::ZephyrI2C&, unsigned char)
                0x0000000000006590                LSM6DSOXClass::LSM6DSOXClass(arduino::ZephyrI2C&, unsigned char)
 .text._ZN13LSM6DSOXClass13readRegistersEhPhj
                0x00000000000065ac       0xa4 /home/arduino/ArduinoApps/sensor-monitor/.cache/sketch/libraries/Arduino_LSM6DSOX/LSM6DSOX.cpp.o
                0x00000000000065ac                LSM6DSOXClass::readRegisters(unsigned char, unsigned char*, unsigned int)
 .text._ZN13LSM6DSOXClass16readAccelerationERfS0_S0_
                0x0000000000006650       0x94 /home/arduino/ArduinoApps/sensor-monitor/.cache/sketch/libraries/Arduino_LSM6DSOX/LSM6DSOX.cpp.o
                0x0000000000006650                LSM6DSOXClass::readAcceleration(float&, float&, float&)
 .text._ZN13LSM6DSOXClass13readGyroscopeERfS0_S0_
                0x00000000000066e4       0x94 /home/arduino/ArduinoApps/sensor-monitor/.cache/sketch/libraries/Arduino_LSM6DSOX/LSM6DSOX.cpp.o
                0x00000000000066e4                LSM6DSOXClass::readGyroscope(float&, float&, float&)
 .text._ZN13LSM6DSOXClass12readRegisterEh
                0x0000000000006778       0x20 /home/arduino/ArduinoApps/sensor-monitor/.cache/sketch/libraries/Arduino_LSM6DSOX/LSM6DSOX.cpp.o
                0x0000000000006778                LSM6DSOXClass::readRegister(unsigned char)
 .text._ZN13LSM6DSOXClass13writeRegisterEhh
                0x0000000000006798       0x78 /home/arduino/ArduinoApps/sensor-monitor/.cache/sketch/libraries/Arduino_LSM6DSOX/LSM6DSOX.cpp.o
                0x0000000000006798                LSM6DSOXClass::writeRegister(unsigned char, unsigned char)
 .text._ZN13LSM6DSOXClass3endEv
                0x0000000000006810       0x4c /home/arduino/ArduinoApps/sensor-monitor/.cache/sketch/libraries/Arduino_LSM6DSOX/LSM6DSOX.cpp.o
                0x0000000000006810                LSM6DSOXClass::end()
 .text._ZN13LSM6DSOXClass5beginEv
                0x000000000000685c       0x84 /home/arduino/ArduinoApps/sensor-monitor/.cache/sketch/libraries/Arduino_LSM6DSOX/LSM6DSOX.cpp.o
                0x000000000000685c                LSM6DSOXClass::begin()
 .text._GLOBAL__sub_I__ZN13LSM6DSOXClassC2ERN7arduino9ZephyrI2CEh
                0x00000000000068e0       0x88 /home/arduino/ArduinoApps/sensor-monitor/.cache/sketch/libraries/Arduino_LSM6DSOX/LSM6DSOX.cpp.o
 .text._GLOBAL__sub_D__ZN13LSM6DSOXClassC2ERN7arduino9ZephyrI2CEh
                0x0000000000006968       0x2c /home/arduino/ArduinoApps/sensor-monitor/.cache/sketch/libraries/Arduino_LSM6DSOX/LSM6DSOX.cpp.o
 .text._GLOBAL__sub_I__ZN12LPS22HBClassC2ERN7arduino9ZephyrI2CE
                0x0000000000006994       0x74 /home/arduino/ArduinoApps/sensor-monitor/.cache/sketch/libraries/Arduino_LPS22HB/BARO.cpp.o
 .text._GLOBAL__sub_D__ZN12LPS22HBClassC2ERN7arduino9ZephyrI2CE
                0x0000000000006a08       0x2c /home/arduino/ArduinoApps/sensor-monitor/.cache/sketch/libraries/Arduino_LPS22HB/BARO.cpp.o
 *fill*         0x0000000000006a34        0x4 
 .text._ZN11HS300xClass11_readSensorEv
                0x0000000000006a38       0xc4 /home/arduino/ArduinoApps/sensor-monitor/.cache/sketch/libraries/Arduino_HS300x/HS300x.cpp.o
                0x0000000000006a38                HS300xClass::_readSensor()
 .text._ZN11HS300xClass15_measurementReqEv
                0x0000000000006afc       0x68 /home/arduino/ArduinoApps/sensor-monitor/.cache/sketch/libraries/Arduino_HS300x/HS300x.cpp.o
                0x0000000000006afc                HS300xClass::_measurementReq()
 .text._ZN11HS300xClassC2ERN7arduino9ZephyrI2CE
                0x0000000000006b64        0x4 /home/arduino/ArduinoApps/sensor-monitor/.cache/sketch/libraries/Arduino_HS300x/HS300x.cpp.o
                0x0000000000006b64                HS300xClass::HS300xClass(arduino::ZephyrI2C&)
                0x0000000000006b64                HS300xClass::HS300xClass(arduino::ZephyrI2C&)
 .text._ZN11HS300xClass5beginEv
                0x0000000000006b68       0x20 /home/arduino/ArduinoApps/sensor-monitor/.cache/sketch/libraries/Arduino_HS300x/HS300x.cpp.o
                0x0000000000006b68                HS300xClass::begin()
 .text._ZN11HS300xClass15readTemperatureEi
                0x0000000000006b88       0x64 /home/arduino/ArduinoApps/sensor-monitor/.cache/sketch/libraries/Arduino_HS300x/HS300x.cpp.o
                0x0000000000006b88                HS300xClass::readTemperature(int)
 .text._ZN11HS300xClass12readHumidityEv
                0x0000000000006bec       0x20 /home/arduino/ArduinoApps/sensor-monitor/.cache/sketch/libraries/Arduino_HS300x/HS300x.cpp.o
                0x0000000000006bec                HS300xClass::readHumidity()
 .text._GLOBAL__sub_I__ZN11HS300xClass15_measurementReqEv